0 %, 76950 MiB
0 %, 77382 MiB
0 %, 77382 MiB
0 %, 77382 MiB
0 %, 77382 MiB
0 %, 77382 MiB
0 %, 76950 MiB
0 %, 77382 MiB
0 %, 76950 MiB
0 %, 77382 MiB
0 %, 77382 MiB
0 %, 77382 MiB
0 %, 77382 MiB
0 %, 77382 MiB
0 %, 76950 MiB
0 %, 77382 MiB
100 %, 77462 MiB
100 %, 77894 MiB
100 %, 77894 MiB
100 %, 77894 MiB
100 %, 77894 MiB
100 %, 77894 MiB
100 %, 77462 MiB
100 %, 77894 MiB
100 %, 77462 MiB
100 %, 77894 MiB
100 %, 77894 MiB
97 %, 77894 MiB
100 %, 77894 MiB
97 %, 77894 MiB
100 %, 77462 MiB
100 %, 77894 MiB
100 %, 77462 MiB
100 %, 77894 MiB
100 %, 77894 MiB
100 %, 77894 MiB
100 %, 77894 MiB
100 %, 77894 MiB
100 %, 77462 MiB
100 %, 77894 MiB
60 %, 79262 MiB
22 %, 80210 MiB
43 %, 79622 MiB
71 %, 80342 MiB
34 %, 79730 MiB
67 %, 79886 MiB
56 %, 79190 MiB
46 %, 79262 MiB
77 %, 78666 MiB
60 %, 79638 MiB
80 %, 79110 MiB
91 %, 79062 MiB
80 %, 79218 MiB
96 %, 79374 MiB
77 %, 79190 MiB
75 %, 79262 MiB
96 %, 78666 MiB
87 %, 79638 MiB
96 %, 79110 MiB
96 %, 79062 MiB
96 %, 79218 MiB
96 %, 79374 MiB
79 %, 79190 MiB
96 %, 79262 MiB
96 %, 78666 MiB
95 %, 79638 MiB
96 %, 79110 MiB
96 %, 79062 MiB
97 %, 79218 MiB
96 %, 79374 MiB
73 %, 79190 MiB
96 %, 79262 MiB
0 %, 78666 MiB
0 %, 79638 MiB
0 %, 79110 MiB
0 %, 79062 MiB
0 %, 79218 MiB
0 %, 79374 MiB
0 %, 79190 MiB
0 %, 79262 MiB
97 %, 79178 MiB
97 %, 80150 MiB
97 %, 79622 MiB
97 %, 79574 MiB
97 %, 79730 MiB
97 %, 79886 MiB
97 %, 79190 MiB
97 %, 79262 MiB
100 %, 79178 MiB
100 %, 80150 MiB
100 %, 79622 MiB
97 %, 79574 MiB
100 %, 79730 MiB
97 %, 79886 MiB
100 %, 79190 MiB
97 %, 79262 MiB
72 %, 79178 MiB
75 %, 80150 MiB
89 %, 79622 MiB
92 %, 79574 MiB
94 %, 79730 MiB
95 %, 79886 MiB
68 %, 79190 MiB
96 %, 79262 MiB
93 %, 79178 MiB
78 %, 80150 MiB
95 %, 79622 MiB
96 %, 79574 MiB
96 %, 79730 MiB
92 %, 79886 MiB
95 %, 79190 MiB
95 %, 79262 MiB
87 %, 79178 MiB
78 %, 80150 MiB
81 %, 79622 MiB
96 %, 79574 MiB
92 %, 79730 MiB
96 %, 79886 MiB
86 %, 79190 MiB
94 %, 79262 MiB
