0 %, 72930 MiB
0 %, 73218 MiB
0 %, 73218 MiB
0 %, 73218 MiB
0 %, 73218 MiB
0 %, 73218 MiB
0 %, 72930 MiB
0 %, 73218 MiB
0 %, 73256 MiB
0 %, 73544 MiB
0 %, 73544 MiB
0 %, 73544 MiB
0 %, 73544 MiB
0 %, 73544 MiB
0 %, 73256 MiB
0 %, 73544 MiB
100 %, 73960 MiB
25 %, 74248 MiB
79 %, 74248 MiB
100 %, 74248 MiB
100 %, 74248 MiB
100 %, 74248 MiB
95 %, 73960 MiB
100 %, 74248 MiB
100 %, 73960 MiB
100 %, 74248 MiB
100 %, 74248 MiB
100 %, 74248 MiB
100 %, 74248 MiB
100 %, 74248 MiB
100 %, 73960 MiB
100 %, 74248 MiB
100 %, 73960 MiB
100 %, 74248 MiB
100 %, 74248 MiB
100 %, 74248 MiB
97 %, 74248 MiB
96 %, 74248 MiB
100 %, 73960 MiB
96 %, 74248 MiB
96 %, 73960 MiB
46 %, 74248 MiB
96 %, 74248 MiB
96 %, 74248 MiB
96 %, 74248 MiB
96 %, 74248 MiB
96 %, 73960 MiB
96 %, 74248 MiB
96 %, 73960 MiB
80 %, 74248 MiB
96 %, 74248 MiB
96 %, 74248 MiB
96 %, 74248 MiB
96 %, 74248 MiB
96 %, 73960 MiB
95 %, 74248 MiB
94 %, 73960 MiB
83 %, 74248 MiB
96 %, 74248 MiB
96 %, 74248 MiB
96 %, 74248 MiB
96 %, 74248 MiB
87 %, 73960 MiB
96 %, 74248 MiB
0 %, 73960 MiB
0 %, 74248 MiB
0 %, 74248 MiB
0 %, 74248 MiB
0 %, 74248 MiB
1 %, 74248 MiB
0 %, 73960 MiB
0 %, 74248 MiB
100 %, 73960 MiB
100 %, 74248 MiB
100 %, 74248 MiB
100 %, 74248 MiB
100 %, 74248 MiB
100 %, 74248 MiB
100 %, 73960 MiB
100 %, 74248 MiB
97 %, 73960 MiB
97 %, 74248 MiB
97 %, 74248 MiB
97 %, 74248 MiB
100 %, 74248 MiB
100 %, 74248 MiB
100 %, 73960 MiB
97 %, 74248 MiB
100 %, 73960 MiB
100 %, 74248 MiB
100 %, 74248 MiB
100 %, 74248 MiB
100 %, 74248 MiB
100 %, 74248 MiB
100 %, 73960 MiB
100 %, 74248 MiB
88 %, 73960 MiB
92 %, 74248 MiB
87 %, 74248 MiB
50 %, 74248 MiB
95 %, 74248 MiB
92 %, 74248 MiB
90 %, 73960 MiB
95 %, 74248 MiB
91 %, 73960 MiB
95 %, 74248 MiB
96 %, 74248 MiB
83 %, 74248 MiB
96 %, 74248 MiB
96 %, 74248 MiB
90 %, 73960 MiB
94 %, 74248 MiB
94 %, 73960 MiB
95 %, 74248 MiB
91 %, 74248 MiB
89 %, 74248 MiB
95 %, 74248 MiB
96 %, 74248 MiB
95 %, 73960 MiB
96 %, 74248 MiB
