21 %, 74124 MiB
15 %, 74412 MiB
62 %, 74412 MiB
3 %, 74412 MiB
61 %, 74412 MiB
78 %, 74412 MiB
94 %, 74124 MiB
84 %, 74412 MiB
100 %, 74126 MiB
100 %, 74414 MiB
100 %, 74414 MiB
100 %, 74414 MiB
100 %, 74414 MiB
100 %, 74414 MiB
100 %, 74126 MiB
100 %, 74414 MiB
100 %, 74126 MiB
100 %, 74414 MiB
100 %, 74414 MiB
100 %, 74414 MiB
100 %, 74414 MiB
100 %, 74414 MiB
100 %, 74126 MiB
100 %, 74414 MiB
97 %, 74126 MiB
97 %, 74414 MiB
98 %, 74414 MiB
47 %, 74414 MiB
98 %, 74414 MiB
73 %, 74414 MiB
98 %, 74126 MiB
99 %, 74414 MiB
100 %, 74126 MiB
100 %, 74414 MiB
100 %, 74414 MiB
100 %, 74414 MiB
100 %, 74414 MiB
100 %, 74414 MiB
100 %, 74126 MiB
100 %, 74414 MiB
100 %, 74126 MiB
98 %, 74414 MiB
100 %, 74414 MiB
98 %, 74414 MiB
98 %, 74414 MiB
98 %, 74414 MiB
100 %, 74126 MiB
98 %, 74414 MiB
95 %, 74126 MiB
94 %, 74414 MiB
93 %, 74414 MiB
93 %, 74414 MiB
95 %, 74414 MiB
93 %, 74414 MiB
93 %, 74126 MiB
93 %, 74414 MiB
100 %, 74126 MiB
100 %, 74414 MiB
100 %, 74414 MiB
100 %, 74414 MiB
100 %, 74414 MiB
100 %, 74414 MiB
100 %, 74126 MiB
100 %, 74414 MiB
100 %, 74126 MiB
100 %, 74414 MiB
98 %, 74414 MiB
100 %, 74414 MiB
100 %, 74414 MiB
100 %, 74414 MiB
100 %, 74126 MiB
100 %, 74414 MiB
100 %, 74126 MiB
100 %, 74414 MiB
100 %, 74414 MiB
100 %, 74414 MiB
98 %, 74414 MiB
98 %, 74414 MiB
100 %, 74126 MiB
100 %, 74414 MiB
100 %, 74126 MiB
100 %, 74414 MiB
98 %, 74414 MiB
100 %, 74414 MiB
98 %, 74414 MiB
98 %, 74414 MiB
100 %, 74126 MiB
100 %, 74414 MiB
98 %, 74126 MiB
99 %, 74414 MiB
100 %, 74414 MiB
98 %, 74414 MiB
100 %, 74414 MiB
100 %, 74414 MiB
99 %, 74126 MiB
98 %, 74414 MiB
100 %, 74126 MiB
100 %, 74414 MiB
100 %, 74414 MiB
100 %, 74414 MiB
100 %, 74414 MiB
100 %, 74414 MiB
100 %, 74126 MiB
100 %, 74414 MiB
100 %, 74126 MiB
100 %, 74414 MiB
100 %, 74414 MiB
100 %, 74414 MiB
100 %, 74414 MiB
100 %, 74414 MiB
100 %, 74126 MiB
100 %, 74414 MiB
86 %, 74126 MiB
97 %, 74414 MiB
99 %, 74414 MiB
87 %, 74414 MiB
87 %, 74414 MiB
61 %, 74414 MiB
87 %, 74126 MiB
87 %, 74414 MiB
100 %, 74126 MiB
100 %, 74414 MiB
100 %, 74414 MiB
100 %, 74414 MiB
100 %, 74414 MiB
100 %, 74414 MiB
100 %, 74126 MiB
100 %, 74414 MiB
100 %, 74126 MiB
100 %, 74414 MiB
98 %, 74414 MiB
98 %, 74414 MiB
100 %, 74414 MiB
98 %, 74414 MiB
98 %, 74126 MiB
98 %, 74414 MiB
98 %, 74126 MiB
98 %, 74414 MiB
98 %, 74414 MiB
100 %, 74414 MiB
98 %, 74414 MiB
100 %, 74414 MiB
100 %, 74126 MiB
98 %, 74414 MiB
100 %, 74126 MiB
100 %, 74414 MiB
100 %, 74414 MiB
100 %, 74414 MiB
100 %, 74414 MiB
100 %, 74414 MiB
100 %, 74126 MiB
100 %, 74414 MiB
100 %, 74126 MiB
100 %, 74414 MiB
100 %, 74414 MiB
100 %, 74414 MiB
100 %, 74414 MiB
100 %, 74414 MiB
100 %, 74126 MiB
100 %, 74414 MiB
100 %, 74126 MiB
100 %, 74414 MiB
100 %, 74414 MiB
100 %, 74414 MiB
100 %, 74414 MiB
100 %, 74414 MiB
100 %, 74126 MiB
100 %, 74414 MiB
98 %, 74126 MiB
100 %, 74414 MiB
98 %, 74414 MiB
98 %, 74414 MiB
100 %, 74414 MiB
98 %, 74414 MiB
98 %, 74126 MiB
98 %, 74414 MiB
97 %, 74126 MiB
99 %, 74414 MiB
99 %, 74414 MiB
97 %, 74414 MiB
97 %, 74414 MiB
41 %, 74414 MiB
98 %, 74126 MiB
97 %, 74414 MiB
100 %, 74126 MiB
100 %, 74414 MiB
100 %, 74414 MiB
100 %, 74414 MiB
100 %, 74414 MiB
100 %, 74414 MiB
100 %, 74126 MiB
100 %, 74414 MiB
98 %, 74126 MiB
100 %, 74414 MiB
100 %, 74414 MiB
100 %, 74414 MiB
100 %, 74414 MiB
98 %, 74414 MiB
98 %, 74126 MiB
100 %, 74414 MiB
96 %, 74126 MiB
95 %, 74414 MiB
95 %, 74414 MiB
95 %, 74414 MiB
95 %, 74414 MiB
94 %, 74414 MiB
100 %, 74126 MiB
100 %, 74414 MiB
100 %, 74126 MiB
100 %, 74414 MiB
100 %, 74414 MiB
100 %, 74414 MiB
100 %, 74414 MiB
100 %, 74414 MiB
100 %, 74126 MiB
100 %, 74414 MiB
100 %, 74126 MiB
100 %, 74414 MiB
100 %, 74414 MiB
100 %, 74414 MiB
100 %, 74414 MiB
100 %, 74414 MiB
100 %, 74126 MiB
100 %, 74414 MiB
95 %, 74126 MiB
97 %, 74414 MiB
96 %, 74414 MiB
98 %, 74414 MiB
96 %, 74414 MiB
45 %, 74414 MiB
96 %, 74126 MiB
98 %, 74414 MiB
100 %, 74126 MiB
100 %, 74414 MiB
100 %, 74414 MiB
100 %, 74414 MiB
100 %, 74414 MiB
100 %, 74414 MiB
100 %, 74126 MiB
100 %, 74414 MiB
98 %, 74126 MiB
98 %, 74414 MiB
100 %, 74414 MiB
100 %, 74414 MiB
100 %, 74414 MiB
98 %, 74414 MiB
98 %, 74126 MiB
98 %, 74414 MiB
100 %, 74126 MiB
100 %, 74414 MiB
100 %, 74414 MiB
100 %, 74414 MiB
100 %, 74414 MiB
100 %, 74414 MiB
100 %, 74126 MiB
100 %, 74414 MiB
97 %, 74126 MiB
97 %, 74414 MiB
97 %, 74414 MiB
94 %, 74414 MiB
97 %, 74414 MiB
77 %, 74414 MiB
97 %, 74126 MiB
98 %, 74414 MiB
100 %, 74126 MiB
100 %, 74414 MiB
98 %, 74414 MiB
98 %, 74414 MiB
98 %, 74414 MiB
98 %, 74414 MiB
100 %, 74126 MiB
100 %, 74414 MiB
100 %, 74126 MiB
100 %, 74414 MiB
100 %, 74414 MiB
100 %, 74414 MiB
100 %, 74414 MiB
100 %, 74414 MiB
100 %, 74126 MiB
100 %, 74414 MiB
100 %, 74126 MiB
96 %, 74414 MiB
96 %, 74414 MiB
100 %, 74414 MiB
96 %, 74414 MiB
100 %, 74414 MiB
100 %, 74126 MiB
96 %, 74414 MiB
100 %, 74126 MiB
100 %, 74414 MiB
100 %, 74414 MiB
98 %, 74414 MiB
100 %, 74414 MiB
100 %, 74414 MiB
100 %, 74126 MiB
100 %, 74414 MiB
100 %, 74126 MiB
98 %, 74414 MiB
97 %, 74414 MiB
98 %, 74414 MiB
98 %, 74414 MiB
98 %, 74414 MiB
98 %, 74126 MiB
98 %, 74414 MiB
100 %, 74126 MiB
100 %, 74414 MiB
100 %, 74414 MiB
100 %, 74414 MiB
100 %, 74414 MiB
100 %, 74414 MiB
100 %, 74126 MiB
100 %, 74414 MiB
100 %, 74126 MiB
98 %, 74414 MiB
100 %, 74414 MiB
100 %, 74414 MiB
100 %, 74414 MiB
100 %, 74414 MiB
100 %, 74126 MiB
100 %, 74414 MiB
100 %, 74126 MiB
99 %, 74414 MiB
100 %, 74414 MiB
98 %, 74414 MiB
100 %, 74414 MiB
100 %, 74414 MiB
99 %, 74126 MiB
99 %, 74414 MiB
100 %, 74126 MiB
98 %, 74414 MiB
100 %, 74414 MiB
98 %, 74414 MiB
100 %, 74414 MiB
98 %, 74414 MiB
98 %, 74126 MiB
100 %, 74414 MiB
100 %, 74126 MiB
100 %, 74414 MiB
100 %, 74414 MiB
100 %, 74414 MiB
100 %, 74414 MiB
100 %, 74414 MiB
100 %, 74126 MiB
100 %, 74414 MiB
98 %, 74126 MiB
100 %, 74414 MiB
100 %, 74414 MiB
100 %, 74414 MiB
100 %, 74414 MiB
100 %, 74414 MiB
100 %, 74126 MiB
100 %, 74414 MiB
100 %, 74126 MiB
100 %, 74414 MiB
100 %, 74414 MiB
100 %, 74414 MiB
100 %, 74414 MiB
100 %, 74414 MiB
100 %, 74126 MiB
100 %, 74414 MiB
100 %, 74126 MiB
98 %, 74414 MiB
98 %, 74414 MiB
100 %, 74414 MiB
98 %, 74414 MiB
100 %, 74414 MiB
100 %, 74126 MiB
100 %, 74414 MiB
100 %, 74126 MiB
98 %, 74414 MiB
98 %, 74414 MiB
98 %, 74414 MiB
98 %, 74414 MiB
98 %, 74414 MiB
98 %, 74126 MiB
98 %, 74414 MiB
100 %, 74126 MiB
100 %, 74414 MiB
100 %, 74414 MiB
100 %, 74414 MiB
100 %, 74414 MiB
100 %, 74414 MiB
100 %, 74126 MiB
100 %, 74414 MiB
100 %, 74126 MiB
100 %, 74414 MiB
100 %, 74414 MiB
100 %, 74414 MiB
100 %, 74414 MiB
100 %, 74414 MiB
98 %, 74126 MiB
100 %, 74414 MiB
98 %, 74126 MiB
100 %, 74414 MiB
100 %, 74414 MiB
100 %, 74414 MiB
100 %, 74414 MiB
98 %, 74414 MiB
98 %, 74126 MiB
100 %, 74414 MiB
100 %, 74126 MiB
100 %, 74414 MiB
100 %, 74414 MiB
100 %, 74414 MiB
100 %, 74414 MiB
98 %, 74414 MiB
100 %, 74126 MiB
98 %, 74414 MiB
100 %, 74128 MiB
100 %, 74416 MiB
100 %, 74416 MiB
100 %, 74416 MiB
100 %, 74416 MiB
74 %, 74416 MiB
100 %, 74128 MiB
100 %, 74416 MiB
100 %, 74128 MiB
98 %, 74416 MiB
98 %, 74416 MiB
98 %, 74416 MiB
98 %, 74416 MiB
100 %, 74416 MiB
100 %, 74128 MiB
98 %, 74416 MiB
100 %, 74128 MiB
99 %, 74416 MiB
100 %, 74416 MiB
100 %, 74416 MiB
100 %, 74416 MiB
100 %, 74416 MiB
100 %, 74128 MiB
100 %, 74416 MiB
100 %, 74128 MiB
100 %, 74416 MiB
100 %, 74416 MiB
100 %, 74416 MiB
100 %, 74416 MiB
100 %, 74416 MiB
100 %, 74128 MiB
100 %, 74416 MiB
100 %, 74128 MiB
99 %, 74416 MiB
100 %, 74416 MiB
98 %, 74416 MiB
99 %, 74416 MiB
100 %, 74416 MiB
100 %, 74128 MiB
100 %, 74416 MiB
98 %, 74128 MiB
100 %, 74416 MiB
98 %, 74416 MiB
98 %, 74416 MiB
100 %, 74416 MiB
98 %, 74416 MiB
100 %, 74128 MiB
98 %, 74416 MiB
98 %, 74128 MiB
98 %, 74416 MiB
98 %, 74416 MiB
100 %, 74416 MiB
98 %, 74416 MiB
98 %, 74416 MiB
98 %, 74128 MiB
98 %, 74416 MiB
100 %, 74128 MiB
100 %, 74416 MiB
100 %, 74416 MiB
100 %, 74416 MiB
100 %, 74416 MiB
100 %, 74416 MiB
100 %, 74128 MiB
100 %, 74416 MiB
100 %, 74128 MiB
100 %, 74416 MiB
100 %, 74416 MiB
95 %, 74416 MiB
100 %, 74416 MiB
100 %, 74416 MiB
100 %, 74128 MiB
100 %, 74416 MiB
100 %, 74128 MiB
100 %, 74416 MiB
100 %, 74416 MiB
98 %, 74416 MiB
100 %, 74416 MiB
100 %, 74416 MiB
100 %, 74128 MiB
100 %, 74416 MiB
98 %, 74128 MiB
100 %, 74416 MiB
100 %, 74416 MiB
100 %, 74416 MiB
100 %, 74416 MiB
100 %, 74416 MiB
100 %, 74128 MiB
100 %, 74416 MiB
100 %, 74128 MiB
97 %, 74416 MiB
100 %, 74416 MiB
97 %, 74416 MiB
97 %, 74416 MiB
100 %, 74416 MiB
100 %, 74128 MiB
100 %, 74416 MiB
98 %, 74128 MiB
100 %, 74416 MiB
98 %, 74416 MiB
100 %, 74416 MiB
98 %, 74416 MiB
98 %, 74416 MiB
98 %, 74128 MiB
98 %, 74416 MiB
100 %, 74128 MiB
100 %, 74416 MiB
98 %, 74416 MiB
100 %, 74416 MiB
98 %, 74416 MiB
100 %, 74416 MiB
98 %, 74128 MiB
100 %, 74416 MiB
100 %, 74128 MiB
100 %, 74416 MiB
100 %, 74416 MiB
98 %, 74416 MiB
100 %, 74416 MiB
100 %, 74416 MiB
100 %, 74128 MiB
99 %, 74416 MiB
98 %, 74128 MiB
100 %, 74416 MiB
98 %, 74416 MiB
100 %, 74416 MiB
100 %, 74416 MiB
100 %, 74416 MiB
98 %, 74128 MiB
100 %, 74416 MiB
100 %, 74128 MiB
98 %, 74416 MiB
100 %, 74416 MiB
100 %, 74416 MiB
100 %, 74416 MiB
98 %, 74416 MiB
100 %, 74128 MiB
98 %, 74416 MiB
93 %, 74128 MiB
96 %, 74416 MiB
79 %, 74416 MiB
95 %, 74416 MiB
98 %, 74416 MiB
53 %, 74416 MiB
93 %, 74128 MiB
93 %, 74416 MiB
99 %, 74128 MiB
100 %, 74416 MiB
100 %, 74416 MiB
100 %, 74416 MiB
100 %, 74416 MiB
100 %, 74416 MiB
100 %, 74128 MiB
100 %, 74416 MiB
98 %, 74128 MiB
100 %, 74416 MiB
100 %, 74416 MiB
98 %, 74416 MiB
100 %, 74416 MiB
98 %, 74416 MiB
99 %, 74128 MiB
99 %, 74416 MiB
100 %, 74128 MiB
98 %, 74416 MiB
98 %, 74416 MiB
100 %, 74416 MiB
98 %, 74416 MiB
98 %, 74416 MiB
98 %, 74128 MiB
98 %, 74416 MiB
98 %, 74128 MiB
98 %, 74416 MiB
98 %, 74416 MiB
99 %, 74416 MiB
98 %, 74416 MiB
98 %, 74416 MiB
98 %, 74128 MiB
98 %, 74416 MiB
100 %, 74128 MiB
100 %, 74416 MiB
100 %, 74416 MiB
100 %, 74416 MiB
100 %, 74416 MiB
100 %, 74416 MiB
100 %, 74128 MiB
100 %, 74416 MiB
100 %, 74128 MiB
98 %, 74416 MiB
100 %, 74416 MiB
100 %, 74416 MiB
100 %, 74416 MiB
98 %, 74416 MiB
98 %, 74128 MiB
100 %, 74416 MiB
100 %, 74128 MiB
97 %, 74416 MiB
100 %, 74416 MiB
100 %, 74416 MiB
97 %, 74416 MiB
80 %, 74416 MiB
100 %, 74128 MiB
100 %, 74416 MiB
98 %, 74128 MiB
98 %, 74416 MiB
99 %, 74416 MiB
91 %, 74416 MiB
98 %, 74416 MiB
98 %, 74416 MiB
99 %, 74128 MiB
99 %, 74416 MiB
94 %, 74128 MiB
95 %, 74416 MiB
97 %, 74416 MiB
96 %, 74416 MiB
95 %, 74416 MiB
91 %, 74416 MiB
96 %, 74128 MiB
78 %, 74416 MiB
100 %, 74128 MiB
100 %, 74416 MiB
100 %, 74416 MiB
100 %, 74416 MiB
100 %, 74416 MiB
100 %, 74416 MiB
100 %, 74128 MiB
100 %, 74416 MiB
100 %, 74128 MiB
100 %, 74416 MiB
100 %, 74416 MiB
98 %, 74416 MiB
100 %, 74416 MiB
98 %, 74416 MiB
100 %, 74128 MiB
98 %, 74416 MiB
100 %, 74128 MiB
100 %, 74416 MiB
100 %, 74416 MiB
100 %, 74416 MiB
100 %, 74416 MiB
100 %, 74416 MiB
100 %, 74128 MiB
100 %, 74416 MiB
100 %, 74128 MiB
100 %, 74416 MiB
100 %, 74416 MiB
100 %, 74416 MiB
100 %, 74416 MiB
100 %, 74416 MiB
100 %, 74128 MiB
100 %, 74416 MiB
100 %, 74128 MiB
100 %, 74416 MiB
100 %, 74416 MiB
100 %, 74416 MiB
100 %, 74416 MiB
100 %, 74416 MiB
100 %, 74128 MiB
100 %, 74416 MiB
98 %, 74128 MiB
100 %, 74416 MiB
98 %, 74416 MiB
100 %, 74416 MiB
98 %, 74416 MiB
98 %, 74416 MiB
100 %, 74128 MiB
100 %, 74416 MiB
97 %, 74128 MiB
98 %, 74416 MiB
94 %, 74416 MiB
93 %, 74416 MiB
70 %, 74416 MiB
73 %, 74416 MiB
92 %, 74128 MiB
96 %, 74416 MiB
100 %, 74128 MiB
100 %, 74416 MiB
97 %, 74416 MiB
100 %, 74416 MiB
98 %, 74416 MiB
100 %, 74416 MiB
100 %, 74128 MiB
100 %, 74416 MiB
100 %, 74128 MiB
100 %, 74416 MiB
100 %, 74416 MiB
100 %, 74416 MiB
100 %, 74416 MiB
100 %, 74416 MiB
100 %, 74128 MiB
100 %, 74416 MiB
100 %, 74128 MiB
100 %, 74416 MiB
100 %, 74416 MiB
100 %, 74416 MiB
100 %, 74416 MiB
100 %, 74416 MiB
100 %, 74128 MiB
100 %, 74416 MiB
100 %, 74128 MiB
100 %, 74416 MiB
100 %, 74416 MiB
100 %, 74416 MiB
100 %, 74416 MiB
100 %, 74416 MiB
100 %, 74128 MiB
100 %, 74416 MiB
100 %, 74128 MiB
100 %, 74416 MiB
100 %, 74416 MiB
100 %, 74416 MiB
100 %, 74416 MiB
100 %, 74416 MiB
100 %, 74128 MiB
100 %, 74416 MiB
100 %, 74128 MiB
98 %, 74416 MiB
98 %, 74416 MiB
98 %, 74416 MiB
100 %, 74416 MiB
100 %, 74416 MiB
98 %, 74128 MiB
99 %, 74416 MiB
98 %, 74128 MiB
98 %, 74416 MiB
100 %, 74416 MiB
100 %, 74416 MiB
98 %, 74416 MiB
98 %, 74416 MiB
98 %, 74128 MiB
98 %, 74416 MiB
100 %, 74128 MiB
100 %, 74416 MiB
98 %, 74416 MiB
100 %, 74416 MiB
98 %, 74416 MiB
100 %, 74416 MiB
100 %, 74128 MiB
100 %, 74416 MiB
100 %, 74128 MiB
100 %, 74416 MiB
96 %, 74416 MiB
98 %, 74416 MiB
98 %, 74416 MiB
91 %, 74416 MiB
100 %, 74128 MiB
100 %, 74416 MiB
100 %, 74128 MiB
100 %, 74416 MiB
100 %, 74416 MiB
100 %, 74416 MiB
100 %, 74416 MiB
100 %, 74416 MiB
100 %, 74128 MiB
100 %, 74416 MiB
100 %, 74128 MiB
100 %, 74416 MiB
100 %, 74416 MiB
100 %, 74416 MiB
100 %, 74416 MiB
100 %, 74416 MiB
99 %, 74128 MiB
100 %, 74416 MiB
90 %, 74128 MiB
94 %, 74416 MiB
95 %, 74416 MiB
77 %, 74416 MiB
95 %, 74416 MiB
90 %, 74416 MiB
100 %, 74128 MiB
52 %, 74416 MiB
100 %, 74128 MiB
100 %, 74416 MiB
100 %, 74416 MiB
100 %, 74416 MiB
100 %, 74416 MiB
98 %, 74416 MiB
100 %, 74128 MiB
100 %, 74416 MiB
100 %, 74128 MiB
100 %, 74416 MiB
100 %, 74416 MiB
100 %, 74416 MiB
100 %, 74416 MiB
100 %, 74416 MiB
100 %, 74128 MiB
100 %, 74416 MiB
100 %, 74128 MiB
100 %, 74416 MiB
100 %, 74416 MiB
100 %, 74416 MiB
100 %, 74416 MiB
100 %, 74416 MiB
100 %, 74128 MiB
100 %, 74416 MiB
100 %, 74128 MiB
100 %, 74416 MiB
100 %, 74416 MiB
100 %, 74416 MiB
100 %, 74416 MiB
100 %, 74416 MiB
100 %, 74128 MiB
100 %, 74416 MiB
100 %, 74128 MiB
98 %, 74416 MiB
98 %, 74416 MiB
98 %, 74416 MiB
100 %, 74416 MiB
98 %, 74416 MiB
98 %, 74128 MiB
98 %, 74416 MiB
100 %, 74128 MiB
100 %, 74416 MiB
100 %, 74416 MiB
98 %, 74416 MiB
98 %, 74416 MiB
98 %, 74416 MiB
98 %, 74128 MiB
100 %, 74416 MiB
100 %, 74128 MiB
100 %, 74416 MiB
100 %, 74416 MiB
100 %, 74416 MiB
100 %, 74416 MiB
100 %, 74416 MiB
100 %, 74128 MiB
98 %, 74416 MiB
100 %, 74128 MiB
100 %, 74416 MiB
100 %, 74416 MiB
100 %, 74416 MiB
100 %, 74416 MiB
100 %, 74416 MiB
100 %, 74128 MiB
100 %, 74416 MiB
97 %, 74128 MiB
98 %, 74416 MiB
98 %, 74416 MiB
100 %, 74416 MiB
97 %, 74416 MiB
92 %, 74416 MiB
98 %, 74128 MiB
98 %, 74416 MiB
100 %, 74128 MiB
100 %, 74416 MiB
100 %, 74416 MiB
100 %, 74416 MiB
100 %, 74416 MiB
100 %, 74416 MiB
100 %, 74128 MiB
100 %, 74416 MiB
100 %, 74128 MiB
98 %, 74416 MiB
100 %, 74416 MiB
100 %, 74416 MiB
98 %, 74416 MiB
98 %, 74416 MiB
98 %, 74128 MiB
100 %, 74416 MiB
99 %, 74128 MiB
98 %, 74416 MiB
98 %, 74416 MiB
77 %, 74416 MiB
98 %, 74416 MiB
96 %, 74416 MiB
96 %, 74128 MiB
96 %, 74416 MiB
100 %, 74128 MiB
100 %, 74416 MiB
100 %, 74416 MiB
100 %, 74416 MiB
100 %, 74416 MiB
100 %, 74416 MiB
100 %, 74128 MiB
100 %, 74416 MiB
97 %, 74128 MiB
99 %, 74416 MiB
99 %, 74416 MiB
71 %, 74416 MiB
97 %, 74416 MiB
86 %, 74416 MiB
97 %, 74128 MiB
99 %, 74416 MiB
100 %, 74128 MiB
98 %, 74416 MiB
100 %, 74416 MiB
100 %, 74416 MiB
100 %, 74416 MiB
100 %, 74416 MiB
100 %, 74128 MiB
100 %, 74416 MiB
97 %, 74128 MiB
97 %, 74416 MiB
96 %, 74416 MiB
85 %, 74416 MiB
98 %, 74416 MiB
90 %, 74416 MiB
98 %, 74128 MiB
67 %, 74416 MiB
100 %, 74128 MiB
100 %, 74416 MiB
98 %, 74416 MiB
100 %, 74416 MiB
98 %, 74416 MiB
73 %, 74416 MiB
99 %, 74128 MiB
100 %, 74416 MiB
