69 %, 79178 MiB
53 %, 80150 MiB
16 %, 79622 MiB
90 %, 79574 MiB
2 %, 79730 MiB
11 %, 79886 MiB
53 %, 79190 MiB
36 %, 79262 MiB
100 %, 79180 MiB
100 %, 80152 MiB
100 %, 79624 MiB
100 %, 79576 MiB
100 %, 79732 MiB
100 %, 79888 MiB
98 %, 79192 MiB
100 %, 79264 MiB
100 %, 79180 MiB
100 %, 80152 MiB
100 %, 79624 MiB
100 %, 79576 MiB
100 %, 79732 MiB
100 %, 79888 MiB
100 %, 79192 MiB
100 %, 79264 MiB
97 %, 79180 MiB
95 %, 80152 MiB
97 %, 79624 MiB
97 %, 79576 MiB
97 %, 79732 MiB
97 %, 79888 MiB
42 %, 79192 MiB
97 %, 79264 MiB
100 %, 79180 MiB
100 %, 80152 MiB
100 %, 79624 MiB
100 %, 79876 MiB
100 %, 79732 MiB
100 %, 79888 MiB
100 %, 79192 MiB
100 %, 79732 MiB
100 %, 79180 MiB
100 %, 80152 MiB
100 %, 79624 MiB
100 %, 79876 MiB
100 %, 79732 MiB
100 %, 79888 MiB
100 %, 79192 MiB
100 %, 79732 MiB
100 %, 79180 MiB
100 %, 80016 MiB
100 %, 79624 MiB
100 %, 79876 MiB
98 %, 79596 MiB
100 %, 79926 MiB
98 %, 79192 MiB
100 %, 79852 MiB
100 %, 79180 MiB
100 %, 80016 MiB
100 %, 79624 MiB
100 %, 79876 MiB
100 %, 79596 MiB
100 %, 79926 MiB
100 %, 79192 MiB
100 %, 79852 MiB
70 %, 77800 MiB
87 %, 78340 MiB
87 %, 78280 MiB
87 %, 78088 MiB
97 %, 78388 MiB
85 %, 78592 MiB
86 %, 77692 MiB
84 %, 78700 MiB
100 %, 77800 MiB
100 %, 78340 MiB
100 %, 78280 MiB
98 %, 78088 MiB
98 %, 78388 MiB
100 %, 78592 MiB
100 %, 77692 MiB
100 %, 78700 MiB
100 %, 77800 MiB
55 %, 78340 MiB
97 %, 78280 MiB
98 %, 78088 MiB
100 %, 78388 MiB
99 %, 78592 MiB
100 %, 77692 MiB
99 %, 78700 MiB
99 %, 77800 MiB
100 %, 78340 MiB
100 %, 78280 MiB
98 %, 78088 MiB
100 %, 78388 MiB
98 %, 78592 MiB
100 %, 77692 MiB
98 %, 78700 MiB
98 %, 77800 MiB
98 %, 78340 MiB
98 %, 78280 MiB
100 %, 78088 MiB
98 %, 78388 MiB
98 %, 78592 MiB
98 %, 77692 MiB
98 %, 78700 MiB
100 %, 77882 MiB
100 %, 78598 MiB
100 %, 78490 MiB
100 %, 78234 MiB
100 %, 78574 MiB
100 %, 78702 MiB
100 %, 77910 MiB
100 %, 78486 MiB
100 %, 77882 MiB
100 %, 78598 MiB
100 %, 78490 MiB
100 %, 78234 MiB
100 %, 78574 MiB
98 %, 78702 MiB
100 %, 77910 MiB
100 %, 78486 MiB
97 %, 77882 MiB
42 %, 78598 MiB
97 %, 78490 MiB
97 %, 78234 MiB
97 %, 78574 MiB
95 %, 78702 MiB
94 %, 77910 MiB
96 %, 78486 MiB
90 %, 77882 MiB
100 %, 78598 MiB
92 %, 78490 MiB
90 %, 78234 MiB
90 %, 78574 MiB
100 %, 78702 MiB
100 %, 77910 MiB
100 %, 78486 MiB
98 %, 77882 MiB
98 %, 78598 MiB
100 %, 78490 MiB
100 %, 78234 MiB
100 %, 78574 MiB
98 %, 78702 MiB
98 %, 77910 MiB
98 %, 78486 MiB
98 %, 77882 MiB
100 %, 78598 MiB
100 %, 78490 MiB
100 %, 78234 MiB
98 %, 78574 MiB
98 %, 78702 MiB
98 %, 77910 MiB
100 %, 78486 MiB
100 %, 77882 MiB
100 %, 78598 MiB
100 %, 78490 MiB
100 %, 78234 MiB
100 %, 78574 MiB
100 %, 78702 MiB
100 %, 77910 MiB
100 %, 78486 MiB
100 %, 77882 MiB
100 %, 78598 MiB
100 %, 78490 MiB
100 %, 78234 MiB
100 %, 78574 MiB
100 %, 78702 MiB
100 %, 77910 MiB
100 %, 78486 MiB
100 %, 77558 MiB
100 %, 78086 MiB
100 %, 78262 MiB
100 %, 78086 MiB
100 %, 78194 MiB
100 %, 78302 MiB
100 %, 77854 MiB
100 %, 78194 MiB
100 %, 77560 MiB
98 %, 78088 MiB
100 %, 78264 MiB
100 %, 78088 MiB
98 %, 78196 MiB
100 %, 78304 MiB
100 %, 77856 MiB
100 %, 78196 MiB
100 %, 77560 MiB
100 %, 78088 MiB
100 %, 78264 MiB
100 %, 78088 MiB
100 %, 78196 MiB
100 %, 78304 MiB
100 %, 77856 MiB
100 %, 78196 MiB
97 %, 77560 MiB
72 %, 78088 MiB
98 %, 78232 MiB
99 %, 77944 MiB
97 %, 78196 MiB
97 %, 78280 MiB
98 %, 77644 MiB
98 %, 78196 MiB
98 %, 77558 MiB
100 %, 78086 MiB
100 %, 78230 MiB
100 %, 77942 MiB
98 %, 78194 MiB
100 %, 78278 MiB
98 %, 77642 MiB
98 %, 78194 MiB
100 %, 78194 MiB
100 %, 78734 MiB
100 %, 78674 MiB
100 %, 78338 MiB
100 %, 78698 MiB
100 %, 78806 MiB
100 %, 78134 MiB
100 %, 78446 MiB
92 %, 78194 MiB
69 %, 78734 MiB
100 %, 78674 MiB
80 %, 78338 MiB
96 %, 78698 MiB
83 %, 78806 MiB
81 %, 78134 MiB
92 %, 78542 MiB
100 %, 78194 MiB
98 %, 78734 MiB
98 %, 78674 MiB
100 %, 78338 MiB
98 %, 78698 MiB
98 %, 78806 MiB
100 %, 78134 MiB
100 %, 78542 MiB
98 %, 78226 MiB
98 %, 78786 MiB
100 %, 78714 MiB
100 %, 78426 MiB
98 %, 78678 MiB
98 %, 78370 MiB
100 %, 78066 MiB
98 %, 78534 MiB
100 %, 78228 MiB
100 %, 78788 MiB
100 %, 78716 MiB
100 %, 78428 MiB
100 %, 78680 MiB
100 %, 78372 MiB
100 %, 78068 MiB
100 %, 78536 MiB
100 %, 78228 MiB
100 %, 78788 MiB
99 %, 78716 MiB
100 %, 78428 MiB
97 %, 78680 MiB
100 %, 78372 MiB
81 %, 78068 MiB
94 %, 78536 MiB
100 %, 78228 MiB
100 %, 78788 MiB
100 %, 78716 MiB
100 %, 78428 MiB
100 %, 78680 MiB
98 %, 78372 MiB
100 %, 78068 MiB
100 %, 78536 MiB
98 %, 78228 MiB
98 %, 78788 MiB
98 %, 78716 MiB
98 %, 78428 MiB
98 %, 78680 MiB
98 %, 78372 MiB
98 %, 78068 MiB
98 %, 78536 MiB
100 %, 78228 MiB
100 %, 78788 MiB
100 %, 78716 MiB
100 %, 78428 MiB
98 %, 78680 MiB
98 %, 78372 MiB
100 %, 78068 MiB
100 %, 78536 MiB
97 %, 78228 MiB
100 %, 78788 MiB
71 %, 78716 MiB
96 %, 78428 MiB
92 %, 78680 MiB
94 %, 78372 MiB
95 %, 78068 MiB
100 %, 78536 MiB
98 %, 78228 MiB
100 %, 78788 MiB
100 %, 78716 MiB
100 %, 78428 MiB
98 %, 78680 MiB
98 %, 78372 MiB
100 %, 78068 MiB
100 %, 78536 MiB
100 %, 78228 MiB
97 %, 78788 MiB
97 %, 78716 MiB
98 %, 78428 MiB
99 %, 78680 MiB
98 %, 78372 MiB
55 %, 78068 MiB
98 %, 78536 MiB
98 %, 78228 MiB
98 %, 78788 MiB
100 %, 78716 MiB
98 %, 78428 MiB
100 %, 78680 MiB
98 %, 78372 MiB
100 %, 78068 MiB
100 %, 78536 MiB
100 %, 78228 MiB
100 %, 78788 MiB
100 %, 78716 MiB
100 %, 78428 MiB
100 %, 78680 MiB
100 %, 78372 MiB
100 %, 78068 MiB
100 %, 78536 MiB
100 %, 78228 MiB
100 %, 78788 MiB
100 %, 78716 MiB
100 %, 78428 MiB
100 %, 78680 MiB
100 %, 78372 MiB
100 %, 78068 MiB
100 %, 78536 MiB
100 %, 78228 MiB
98 %, 78788 MiB
100 %, 78716 MiB
100 %, 78428 MiB
98 %, 78680 MiB
100 %, 78372 MiB
100 %, 78068 MiB
100 %, 78536 MiB
98 %, 78228 MiB
98 %, 78788 MiB
98 %, 78716 MiB
98 %, 78428 MiB
98 %, 78680 MiB
99 %, 78372 MiB
98 %, 78068 MiB
98 %, 78536 MiB
100 %, 78228 MiB
100 %, 78788 MiB
100 %, 78716 MiB
100 %, 78428 MiB
100 %, 78680 MiB
100 %, 78372 MiB
100 %, 78068 MiB
100 %, 78536 MiB
100 %, 78228 MiB
100 %, 78788 MiB
100 %, 78716 MiB
100 %, 78428 MiB
100 %, 78680 MiB
100 %, 78372 MiB
100 %, 78068 MiB
100 %, 78536 MiB
100 %, 78228 MiB
96 %, 79256 MiB
96 %, 79412 MiB
97 %, 78500 MiB
96 %, 79184 MiB
96 %, 78672 MiB
96 %, 78068 MiB
96 %, 79304 MiB
98 %, 78228 MiB
100 %, 79256 MiB
100 %, 79412 MiB
98 %, 78500 MiB
100 %, 79184 MiB
98 %, 78672 MiB
100 %, 78068 MiB
100 %, 79304 MiB
100 %, 78228 MiB
98 %, 79256 MiB
98 %, 79412 MiB
100 %, 78500 MiB
98 %, 79184 MiB
98 %, 78672 MiB
100 %, 78068 MiB
100 %, 79304 MiB
100 %, 78230 MiB
100 %, 79258 MiB
100 %, 79414 MiB
100 %, 78502 MiB
100 %, 79186 MiB
100 %, 78674 MiB
100 %, 78070 MiB
100 %, 79306 MiB
98 %, 78230 MiB
98 %, 79258 MiB
98 %, 79414 MiB
98 %, 78502 MiB
98 %, 79186 MiB
98 %, 78674 MiB
98 %, 78070 MiB
98 %, 79306 MiB
100 %, 78230 MiB
100 %, 79258 MiB
100 %, 79414 MiB
100 %, 78502 MiB
100 %, 79186 MiB
100 %, 78674 MiB
100 %, 78070 MiB
100 %, 79306 MiB
100 %, 78230 MiB
100 %, 79258 MiB
100 %, 79414 MiB
100 %, 78502 MiB
100 %, 79186 MiB
100 %, 78674 MiB
100 %, 78070 MiB
100 %, 79306 MiB
41 %, 78230 MiB
96 %, 79258 MiB
99 %, 79414 MiB
97 %, 78502 MiB
56 %, 79186 MiB
97 %, 78674 MiB
91 %, 78070 MiB
98 %, 79306 MiB
98 %, 78230 MiB
100 %, 79258 MiB
98 %, 79414 MiB
100 %, 78502 MiB
98 %, 79186 MiB
100 %, 78674 MiB
98 %, 78070 MiB
100 %, 79306 MiB
100 %, 78230 MiB
100 %, 79258 MiB
100 %, 79414 MiB
100 %, 78502 MiB
100 %, 79186 MiB
100 %, 78674 MiB
100 %, 78070 MiB
98 %, 79306 MiB
100 %, 78230 MiB
100 %, 79258 MiB
98 %, 79414 MiB
100 %, 78502 MiB
100 %, 79186 MiB
100 %, 78674 MiB
100 %, 78070 MiB
100 %, 79306 MiB
90 %, 78230 MiB
90 %, 79258 MiB
91 %, 79414 MiB
90 %, 78502 MiB
90 %, 79186 MiB
100 %, 78674 MiB
90 %, 78070 MiB
100 %, 79306 MiB
98 %, 78230 MiB
100 %, 79258 MiB
98 %, 79414 MiB
100 %, 78502 MiB
98 %, 79186 MiB
100 %, 78674 MiB
74 %, 78070 MiB
98 %, 79306 MiB
98 %, 78230 MiB
100 %, 79258 MiB
98 %, 79414 MiB
100 %, 78502 MiB
98 %, 79186 MiB
100 %, 78674 MiB
98 %, 78070 MiB
100 %, 79306 MiB
100 %, 78230 MiB
97 %, 79258 MiB
98 %, 79414 MiB
96 %, 78502 MiB
100 %, 79186 MiB
100 %, 78674 MiB
66 %, 78070 MiB
98 %, 79306 MiB
98 %, 78230 MiB
100 %, 79258 MiB
100 %, 79414 MiB
100 %, 78502 MiB
100 %, 79186 MiB
100 %, 78674 MiB
98 %, 78070 MiB
100 %, 79306 MiB
100 %, 78230 MiB
100 %, 79258 MiB
100 %, 79414 MiB
100 %, 78502 MiB
100 %, 79186 MiB
100 %, 78674 MiB
100 %, 78070 MiB
100 %, 79306 MiB
100 %, 78230 MiB
100 %, 79258 MiB
100 %, 79414 MiB
100 %, 78502 MiB
100 %, 79186 MiB
100 %, 78674 MiB
100 %, 78070 MiB
100 %, 79306 MiB
53 %, 78230 MiB
84 %, 79258 MiB
98 %, 79414 MiB
98 %, 78502 MiB
96 %, 79186 MiB
97 %, 78674 MiB
82 %, 78070 MiB
96 %, 79306 MiB
100 %, 78230 MiB
98 %, 79258 MiB
100 %, 79414 MiB
98 %, 78502 MiB
98 %, 79186 MiB
98 %, 78674 MiB
98 %, 78070 MiB
100 %, 79306 MiB
100 %, 78230 MiB
100 %, 79258 MiB
100 %, 79414 MiB
100 %, 78502 MiB
100 %, 79186 MiB
100 %, 78674 MiB
100 %, 78070 MiB
100 %, 79306 MiB
100 %, 78230 MiB
100 %, 79258 MiB
100 %, 79414 MiB
100 %, 78502 MiB
100 %, 79186 MiB
100 %, 78674 MiB
100 %, 78070 MiB
100 %, 79306 MiB
98 %, 78230 MiB
55 %, 79258 MiB
100 %, 79414 MiB
98 %, 78502 MiB
97 %, 79186 MiB
98 %, 78674 MiB
98 %, 78070 MiB
93 %, 79306 MiB
100 %, 78230 MiB
100 %, 79258 MiB
100 %, 79414 MiB
100 %, 78502 MiB
100 %, 79186 MiB
100 %, 78674 MiB
100 %, 78070 MiB
100 %, 79306 MiB
100 %, 78230 MiB
100 %, 79258 MiB
100 %, 79414 MiB
100 %, 78502 MiB
100 %, 79186 MiB
100 %, 78674 MiB
100 %, 78070 MiB
100 %, 79306 MiB
99 %, 78230 MiB
98 %, 79258 MiB
98 %, 79414 MiB
98 %, 78502 MiB
99 %, 79186 MiB
98 %, 78674 MiB
98 %, 78070 MiB
98 %, 79306 MiB
100 %, 78230 MiB
100 %, 79258 MiB
100 %, 79414 MiB
100 %, 78502 MiB
100 %, 79186 MiB
98 %, 78674 MiB
98 %, 78070 MiB
98 %, 79306 MiB
99 %, 78230 MiB
100 %, 79258 MiB
100 %, 79414 MiB
48 %, 78502 MiB
100 %, 79186 MiB
100 %, 78674 MiB
97 %, 78070 MiB
97 %, 79306 MiB
100 %, 78230 MiB
100 %, 79258 MiB
100 %, 79414 MiB
100 %, 78502 MiB
100 %, 79186 MiB
100 %, 78674 MiB
100 %, 78070 MiB
100 %, 79306 MiB
100 %, 78230 MiB
98 %, 79258 MiB
100 %, 79414 MiB
100 %, 78502 MiB
98 %, 79186 MiB
98 %, 78674 MiB
98 %, 78070 MiB
98 %, 79306 MiB
100 %, 78230 MiB
100 %, 79258 MiB
100 %, 79414 MiB
100 %, 78502 MiB
100 %, 79186 MiB
100 %, 78674 MiB
100 %, 78070 MiB
100 %, 79306 MiB
97 %, 78230 MiB
71 %, 79258 MiB
98 %, 79414 MiB
99 %, 78502 MiB
97 %, 79186 MiB
97 %, 78674 MiB
58 %, 78070 MiB
98 %, 79306 MiB
100 %, 78230 MiB
100 %, 79258 MiB
100 %, 79414 MiB
100 %, 78502 MiB
100 %, 79186 MiB
100 %, 78674 MiB
100 %, 78070 MiB
100 %, 79306 MiB
100 %, 78230 MiB
100 %, 79258 MiB
100 %, 79414 MiB
100 %, 78502 MiB
100 %, 79186 MiB
100 %, 78674 MiB
100 %, 78070 MiB
100 %, 79306 MiB
98 %, 78230 MiB
85 %, 79258 MiB
96 %, 79414 MiB
98 %, 78502 MiB
94 %, 79186 MiB
98 %, 78674 MiB
40 %, 78070 MiB
94 %, 79306 MiB
100 %, 78230 MiB
100 %, 79258 MiB
98 %, 79414 MiB
100 %, 78502 MiB
100 %, 79186 MiB
100 %, 78674 MiB
100 %, 78070 MiB
100 %, 79306 MiB
100 %, 78230 MiB
100 %, 79258 MiB
100 %, 79414 MiB
100 %, 78502 MiB
98 %, 79186 MiB
100 %, 78674 MiB
100 %, 78070 MiB
100 %, 79306 MiB
98 %, 78230 MiB
98 %, 79258 MiB
100 %, 79414 MiB
100 %, 78502 MiB
100 %, 79186 MiB
98 %, 78674 MiB
98 %, 78070 MiB
100 %, 79306 MiB
100 %, 78230 MiB
100 %, 79258 MiB
100 %, 79414 MiB
100 %, 78502 MiB
100 %, 79186 MiB
98 %, 78674 MiB
100 %, 78070 MiB
100 %, 79306 MiB
100 %, 78230 MiB
100 %, 79258 MiB
100 %, 79414 MiB
100 %, 78502 MiB
100 %, 79186 MiB
100 %, 78674 MiB
100 %, 78070 MiB
100 %, 79306 MiB
98 %, 78230 MiB
100 %, 79258 MiB
100 %, 79414 MiB
100 %, 78502 MiB
100 %, 79186 MiB
98 %, 78674 MiB
100 %, 78070 MiB
100 %, 79306 MiB
98 %, 78230 MiB
98 %, 79258 MiB
98 %, 79414 MiB
100 %, 78502 MiB
100 %, 79186 MiB
98 %, 78674 MiB
100 %, 78070 MiB
100 %, 79306 MiB
100 %, 78230 MiB
100 %, 79258 MiB
100 %, 79414 MiB
100 %, 78502 MiB
100 %, 79186 MiB
100 %, 78674 MiB
100 %, 78070 MiB
98 %, 79306 MiB
98 %, 78230 MiB
100 %, 79258 MiB
98 %, 79414 MiB
98 %, 78502 MiB
98 %, 79186 MiB
98 %, 78674 MiB
98 %, 78070 MiB
98 %, 79306 MiB
82 %, 78230 MiB
62 %, 79258 MiB
95 %, 79414 MiB
97 %, 78502 MiB
99 %, 79186 MiB
97 %, 78674 MiB
95 %, 78070 MiB
95 %, 79306 MiB
100 %, 78230 MiB
98 %, 79258 MiB
100 %, 79414 MiB
98 %, 78502 MiB
98 %, 79186 MiB
100 %, 78674 MiB
100 %, 78070 MiB
98 %, 79306 MiB
100 %, 78230 MiB
100 %, 79258 MiB
100 %, 79414 MiB
100 %, 78502 MiB
100 %, 79186 MiB
100 %, 78674 MiB
100 %, 78070 MiB
100 %, 79306 MiB
100 %, 78230 MiB
98 %, 79258 MiB
100 %, 79414 MiB
98 %, 78502 MiB
98 %, 79186 MiB
100 %, 78674 MiB
98 %, 78070 MiB
98 %, 79306 MiB
100 %, 78230 MiB
98 %, 79258 MiB
98 %, 79414 MiB
98 %, 78502 MiB
98 %, 79186 MiB
98 %, 78674 MiB
100 %, 78070 MiB
98 %, 79306 MiB
100 %, 78230 MiB
100 %, 79258 MiB
100 %, 79414 MiB
100 %, 78502 MiB
100 %, 79186 MiB
100 %, 78674 MiB
98 %, 78070 MiB
98 %, 79306 MiB
94 %, 78230 MiB
69 %, 79258 MiB
98 %, 79414 MiB
98 %, 78502 MiB
79 %, 79186 MiB
98 %, 78674 MiB
98 %, 78070 MiB
100 %, 79306 MiB
97 %, 78230 MiB
92 %, 79258 MiB
98 %, 79414 MiB
98 %, 78502 MiB
98 %, 79186 MiB
98 %, 78674 MiB
72 %, 78070 MiB
98 %, 79306 MiB
97 %, 78230 MiB
88 %, 79258 MiB
97 %, 79414 MiB
97 %, 78502 MiB
99 %, 79186 MiB
97 %, 78674 MiB
59 %, 78070 MiB
97 %, 79306 MiB
100 %, 78230 MiB
100 %, 79258 MiB
99 %, 79414 MiB
100 %, 78502 MiB
100 %, 79186 MiB
100 %, 78674 MiB
98 %, 78070 MiB
100 %, 79306 MiB
100 %, 78230 MiB
94 %, 79258 MiB
99 %, 79414 MiB
96 %, 78502 MiB
99 %, 79186 MiB
100 %, 78674 MiB
64 %, 78070 MiB
100 %, 79306 MiB
98 %, 78230 MiB
85 %, 79258 MiB
83 %, 79414 MiB
98 %, 78502 MiB
89 %, 79186 MiB
97 %, 78674 MiB
82 %, 78070 MiB
87 %, 79306 MiB
100 %, 78230 MiB
100 %, 79258 MiB
100 %, 79414 MiB
100 %, 78502 MiB
100 %, 79186 MiB
99 %, 78674 MiB
100 %, 78070 MiB
100 %, 79306 MiB
97 %, 78230 MiB
97 %, 79258 MiB
92 %, 79414 MiB
97 %, 78502 MiB
95 %, 79186 MiB
97 %, 78674 MiB
74 %, 78070 MiB
90 %, 79306 MiB
100 %, 78230 MiB
50 %, 79258 MiB
96 %, 79414 MiB
98 %, 78502 MiB
97 %, 79186 MiB
100 %, 78674 MiB
94 %, 78070 MiB
100 %, 79306 MiB
99 %, 78230 MiB
98 %, 79258 MiB
99 %, 79414 MiB
99 %, 78502 MiB
100 %, 79186 MiB
99 %, 78674 MiB
98 %, 78070 MiB
98 %, 79306 MiB
100 %, 78230 MiB
98 %, 79258 MiB
98 %, 79414 MiB
98 %, 78502 MiB
100 %, 79186 MiB
98 %, 78674 MiB
98 %, 78070 MiB
98 %, 79306 MiB
