11 %, 74124 MiB
64 %, 74412 MiB
86 %, 74412 MiB
78 %, 74412 MiB
27 %, 74412 MiB
69 %, 74412 MiB
64 %, 74124 MiB
33 %, 74412 MiB
98 %, 74126 MiB
100 %, 74414 MiB
100 %, 74414 MiB
100 %, 74414 MiB
100 %, 74414 MiB
100 %, 74414 MiB
100 %, 74126 MiB
100 %, 74414 MiB
98 %, 74126 MiB
98 %, 74414 MiB
98 %, 74414 MiB
100 %, 74414 MiB
98 %, 74414 MiB
98 %, 74414 MiB
98 %, 74126 MiB
100 %, 74414 MiB
99 %, 74126 MiB
44 %, 74414 MiB
98 %, 74414 MiB
98 %, 74414 MiB
98 %, 74414 MiB
98 %, 74414 MiB
98 %, 74126 MiB
91 %, 74414 MiB
98 %, 74126 MiB
100 %, 74414 MiB
100 %, 74414 MiB
100 %, 74414 MiB
100 %, 74414 MiB
100 %, 74414 MiB
100 %, 74126 MiB
100 %, 74414 MiB
98 %, 74126 MiB
100 %, 74414 MiB
100 %, 74414 MiB
100 %, 74414 MiB
100 %, 74414 MiB
100 %, 74414 MiB
100 %, 74126 MiB
100 %, 74414 MiB
100 %, 74126 MiB
100 %, 74414 MiB
100 %, 74414 MiB
100 %, 74414 MiB
100 %, 74414 MiB
100 %, 74414 MiB
100 %, 74126 MiB
100 %, 74414 MiB
100 %, 74126 MiB
98 %, 74414 MiB
98 %, 74414 MiB
98 %, 74414 MiB
98 %, 74414 MiB
98 %, 74414 MiB
98 %, 74126 MiB
100 %, 74414 MiB
100 %, 74126 MiB
100 %, 74414 MiB
100 %, 74414 MiB
100 %, 74414 MiB
100 %, 74414 MiB
100 %, 74414 MiB
100 %, 74126 MiB
98 %, 74414 MiB
100 %, 74126 MiB
100 %, 74414 MiB
100 %, 74414 MiB
100 %, 74414 MiB
100 %, 74414 MiB
100 %, 74414 MiB
100 %, 74126 MiB
100 %, 74414 MiB
100 %, 74126 MiB
100 %, 74414 MiB
100 %, 74414 MiB
100 %, 74414 MiB
100 %, 74414 MiB
100 %, 74414 MiB
100 %, 74126 MiB
100 %, 74414 MiB
99 %, 74126 MiB
99 %, 74414 MiB
99 %, 74414 MiB
100 %, 74414 MiB
99 %, 74414 MiB
99 %, 74414 MiB
98 %, 74126 MiB
98 %, 74414 MiB
98 %, 74126 MiB
100 %, 74414 MiB
98 %, 74414 MiB
98 %, 74414 MiB
98 %, 74414 MiB
98 %, 74414 MiB
100 %, 74126 MiB
98 %, 74414 MiB
100 %, 74126 MiB
100 %, 74414 MiB
100 %, 74414 MiB
100 %, 74414 MiB
100 %, 74414 MiB
100 %, 74414 MiB
100 %, 74126 MiB
100 %, 74414 MiB
49 %, 74126 MiB
87 %, 74414 MiB
98 %, 74414 MiB
90 %, 74414 MiB
76 %, 74414 MiB
95 %, 74414 MiB
99 %, 74126 MiB
62 %, 74414 MiB
100 %, 74126 MiB
100 %, 74414 MiB
100 %, 74414 MiB
100 %, 74414 MiB
100 %, 74414 MiB
100 %, 74414 MiB
100 %, 74126 MiB
100 %, 74414 MiB
98 %, 74126 MiB
98 %, 74414 MiB
98 %, 74414 MiB
100 %, 74414 MiB
98 %, 74414 MiB
98 %, 74414 MiB
98 %, 74126 MiB
98 %, 74414 MiB
100 %, 74126 MiB
100 %, 74414 MiB
100 %, 74414 MiB
98 %, 74414 MiB
100 %, 74414 MiB
100 %, 74414 MiB
100 %, 74126 MiB
100 %, 74414 MiB
100 %, 74126 MiB
100 %, 74414 MiB
100 %, 74414 MiB
100 %, 74414 MiB
100 %, 74414 MiB
100 %, 74414 MiB
100 %, 74126 MiB
100 %, 74414 MiB
100 %, 74126 MiB
98 %, 74414 MiB
100 %, 74414 MiB
100 %, 74414 MiB
100 %, 74414 MiB
100 %, 74414 MiB
98 %, 74126 MiB
98 %, 74414 MiB
100 %, 74126 MiB
98 %, 74414 MiB
100 %, 74414 MiB
98 %, 74414 MiB
98 %, 74414 MiB
98 %, 74414 MiB
98 %, 74126 MiB
100 %, 74414 MiB
100 %, 74126 MiB
100 %, 74414 MiB
100 %, 74414 MiB
100 %, 74414 MiB
100 %, 74414 MiB
100 %, 74414 MiB
100 %, 74126 MiB
100 %, 74414 MiB
98 %, 74126 MiB
99 %, 74414 MiB
97 %, 74414 MiB
86 %, 74414 MiB
97 %, 74414 MiB
98 %, 74414 MiB
98 %, 74126 MiB
52 %, 74414 MiB
98 %, 74126 MiB
98 %, 74414 MiB
98 %, 74414 MiB
100 %, 74414 MiB
100 %, 74414 MiB
100 %, 74414 MiB
98 %, 74126 MiB
100 %, 74414 MiB
100 %, 74126 MiB
100 %, 74414 MiB
100 %, 74414 MiB
100 %, 74414 MiB
100 %, 74414 MiB
100 %, 74414 MiB
100 %, 74126 MiB
100 %, 74414 MiB
100 %, 74126 MiB
100 %, 74414 MiB
100 %, 74414 MiB
100 %, 74414 MiB
100 %, 74414 MiB
100 %, 74414 MiB
100 %, 74126 MiB
100 %, 74414 MiB
100 %, 74126 MiB
100 %, 74414 MiB
100 %, 74414 MiB
100 %, 74414 MiB
98 %, 74414 MiB
100 %, 74414 MiB
98 %, 74126 MiB
98 %, 74414 MiB
100 %, 74126 MiB
98 %, 74414 MiB
98 %, 74414 MiB
100 %, 74414 MiB
98 %, 74414 MiB
98 %, 74414 MiB
100 %, 74126 MiB
100 %, 74414 MiB
99 %, 74126 MiB
99 %, 74414 MiB
99 %, 74414 MiB
93 %, 74414 MiB
98 %, 74414 MiB
97 %, 74414 MiB
97 %, 74126 MiB
71 %, 74414 MiB
100 %, 74126 MiB
100 %, 74414 MiB
100 %, 74414 MiB
100 %, 74414 MiB
100 %, 74414 MiB
100 %, 74414 MiB
100 %, 74126 MiB
100 %, 74414 MiB
100 %, 74126 MiB
100 %, 74414 MiB
100 %, 74414 MiB
100 %, 74414 MiB
98 %, 74414 MiB
100 %, 74414 MiB
98 %, 74126 MiB
100 %, 74414 MiB
100 %, 74126 MiB
100 %, 74414 MiB
100 %, 74414 MiB
100 %, 74414 MiB
100 %, 74414 MiB
100 %, 74414 MiB
100 %, 74126 MiB
97 %, 74414 MiB
96 %, 74126 MiB
99 %, 74414 MiB
96 %, 74414 MiB
99 %, 74414 MiB
98 %, 74414 MiB
95 %, 74414 MiB
100 %, 74126 MiB
100 %, 74414 MiB
98 %, 74126 MiB
98 %, 74414 MiB
98 %, 74414 MiB
99 %, 74414 MiB
98 %, 74414 MiB
98 %, 74414 MiB
98 %, 74126 MiB
95 %, 74414 MiB
97 %, 74126 MiB
97 %, 74414 MiB
99 %, 74414 MiB
98 %, 74414 MiB
77 %, 74414 MiB
100 %, 74414 MiB
97 %, 74126 MiB
76 %, 74414 MiB
100 %, 74126 MiB
100 %, 74414 MiB
100 %, 74414 MiB
100 %, 74414 MiB
100 %, 74414 MiB
100 %, 74414 MiB
100 %, 74126 MiB
100 %, 74414 MiB
98 %, 74126 MiB
98 %, 74414 MiB
98 %, 74414 MiB
100 %, 74414 MiB
98 %, 74414 MiB
98 %, 74414 MiB
100 %, 74126 MiB
98 %, 74414 MiB
99 %, 74126 MiB
99 %, 74414 MiB
100 %, 74414 MiB
100 %, 74414 MiB
100 %, 74414 MiB
99 %, 74414 MiB
100 %, 74126 MiB
84 %, 74414 MiB
100 %, 74126 MiB
100 %, 74414 MiB
100 %, 74414 MiB
100 %, 74414 MiB
100 %, 74414 MiB
100 %, 74414 MiB
98 %, 74126 MiB
100 %, 74414 MiB
100 %, 74126 MiB
100 %, 74414 MiB
100 %, 74414 MiB
97 %, 74414 MiB
98 %, 74414 MiB
100 %, 74414 MiB
98 %, 74126 MiB
100 %, 74414 MiB
100 %, 74126 MiB
100 %, 74414 MiB
100 %, 74414 MiB
100 %, 74414 MiB
100 %, 74414 MiB
100 %, 74414 MiB
100 %, 74126 MiB
100 %, 74414 MiB
100 %, 74126 MiB
100 %, 74414 MiB
100 %, 74414 MiB
100 %, 74414 MiB
100 %, 74414 MiB
100 %, 74414 MiB
100 %, 74126 MiB
100 %, 74414 MiB
100 %, 74126 MiB
100 %, 74414 MiB
100 %, 74414 MiB
100 %, 74414 MiB
100 %, 74414 MiB
100 %, 74414 MiB
100 %, 74126 MiB
100 %, 74414 MiB
100 %, 74126 MiB
98 %, 74414 MiB
100 %, 74414 MiB
98 %, 74414 MiB
98 %, 74414 MiB
98 %, 74414 MiB
98 %, 74126 MiB
98 %, 74414 MiB
100 %, 74126 MiB
100 %, 74414 MiB
97 %, 74414 MiB
97 %, 74414 MiB
97 %, 74414 MiB
100 %, 74414 MiB
100 %, 74126 MiB
100 %, 74414 MiB
100 %, 74126 MiB
99 %, 74414 MiB
100 %, 74414 MiB
100 %, 74414 MiB
100 %, 74414 MiB
100 %, 74414 MiB
100 %, 74126 MiB
100 %, 74414 MiB
98 %, 74126 MiB
98 %, 74414 MiB
98 %, 74414 MiB
100 %, 74414 MiB
98 %, 74414 MiB
98 %, 74414 MiB
100 %, 74126 MiB
98 %, 74414 MiB
98 %, 74126 MiB
100 %, 74414 MiB
98 %, 74414 MiB
100 %, 74414 MiB
98 %, 74414 MiB
98 %, 74414 MiB
100 %, 74126 MiB
98 %, 74414 MiB
100 %, 74126 MiB
100 %, 74414 MiB
97 %, 74414 MiB
97 %, 74414 MiB
97 %, 74414 MiB
97 %, 74414 MiB
97 %, 74126 MiB
96 %, 74414 MiB
100 %, 74126 MiB
100 %, 74414 MiB
100 %, 74414 MiB
100 %, 74414 MiB
100 %, 74414 MiB
100 %, 74414 MiB
100 %, 74126 MiB
100 %, 74414 MiB
96 %, 74126 MiB
98 %, 74414 MiB
97 %, 74414 MiB
98 %, 74414 MiB
98 %, 74414 MiB
96 %, 74414 MiB
96 %, 74126 MiB
100 %, 74414 MiB
100 %, 74126 MiB
100 %, 74414 MiB
100 %, 74414 MiB
100 %, 74414 MiB
100 %, 74414 MiB
100 %, 74414 MiB
100 %, 74126 MiB
100 %, 74414 MiB
100 %, 74126 MiB
100 %, 74414 MiB
100 %, 74414 MiB
100 %, 74414 MiB
100 %, 74414 MiB
100 %, 74414 MiB
100 %, 74126 MiB
100 %, 74414 MiB
100 %, 74126 MiB
100 %, 74414 MiB
100 %, 74414 MiB
100 %, 74414 MiB
100 %, 74414 MiB
100 %, 74414 MiB
100 %, 74126 MiB
100 %, 74414 MiB
100 %, 74126 MiB
100 %, 74414 MiB
100 %, 74414 MiB
100 %, 74414 MiB
100 %, 74414 MiB
100 %, 74414 MiB
100 %, 74126 MiB
100 %, 74414 MiB
100 %, 74126 MiB
100 %, 74414 MiB
100 %, 74414 MiB
100 %, 74414 MiB
100 %, 74414 MiB
100 %, 74414 MiB
100 %, 74126 MiB
100 %, 74414 MiB
99 %, 74126 MiB
96 %, 74414 MiB
94 %, 74414 MiB
89 %, 74414 MiB
97 %, 74414 MiB
99 %, 74414 MiB
99 %, 74126 MiB
79 %, 74414 MiB
98 %, 74126 MiB
98 %, 74414 MiB
98 %, 74414 MiB
99 %, 74414 MiB
100 %, 74414 MiB
98 %, 74414 MiB
98 %, 74126 MiB
98 %, 74414 MiB
100 %, 74126 MiB
100 %, 74414 MiB
100 %, 74414 MiB
100 %, 74414 MiB
100 %, 74414 MiB
100 %, 74414 MiB
100 %, 74126 MiB
100 %, 74414 MiB
100 %, 74126 MiB
100 %, 74414 MiB
100 %, 74414 MiB
100 %, 74414 MiB
100 %, 74414 MiB
100 %, 74414 MiB
100 %, 74126 MiB
100 %, 74414 MiB
98 %, 74126 MiB
98 %, 74414 MiB
98 %, 74414 MiB
98 %, 74414 MiB
98 %, 74414 MiB
98 %, 74414 MiB
98 %, 74126 MiB
98 %, 74414 MiB
100 %, 74126 MiB
100 %, 74414 MiB
100 %, 74414 MiB
100 %, 74414 MiB
100 %, 74414 MiB
100 %, 74414 MiB
100 %, 74126 MiB
100 %, 74414 MiB
100 %, 74126 MiB
100 %, 74414 MiB
100 %, 74414 MiB
100 %, 74414 MiB
100 %, 74414 MiB
100 %, 74414 MiB
100 %, 74126 MiB
100 %, 74414 MiB
97 %, 74126 MiB
99 %, 74414 MiB
100 %, 74414 MiB
100 %, 74414 MiB
97 %, 74414 MiB
97 %, 74414 MiB
96 %, 74126 MiB
98 %, 74414 MiB
100 %, 74126 MiB
98 %, 74414 MiB
98 %, 74414 MiB
100 %, 74414 MiB
100 %, 74414 MiB
98 %, 74414 MiB
98 %, 74126 MiB
100 %, 74414 MiB
100 %, 74126 MiB
100 %, 74414 MiB
100 %, 74414 MiB
100 %, 74414 MiB
100 %, 74414 MiB
100 %, 74414 MiB
100 %, 74126 MiB
100 %, 74414 MiB
100 %, 74126 MiB
100 %, 74414 MiB
100 %, 74414 MiB
100 %, 74414 MiB
100 %, 74414 MiB
100 %, 74414 MiB
100 %, 74126 MiB
100 %, 74414 MiB
100 %, 74126 MiB
98 %, 74414 MiB
97 %, 74414 MiB
98 %, 74414 MiB
100 %, 74414 MiB
100 %, 74414 MiB
93 %, 74126 MiB
100 %, 74414 MiB
98 %, 74126 MiB
98 %, 74414 MiB
98 %, 74414 MiB
98 %, 74414 MiB
100 %, 74414 MiB
99 %, 74414 MiB
100 %, 74126 MiB
98 %, 74414 MiB
100 %, 74126 MiB
96 %, 74414 MiB
100 %, 74414 MiB
100 %, 74414 MiB
100 %, 74414 MiB
100 %, 74414 MiB
100 %, 74126 MiB
100 %, 74414 MiB
99 %, 74126 MiB
57 %, 74414 MiB
95 %, 74414 MiB
99 %, 74414 MiB
99 %, 74414 MiB
99 %, 74414 MiB
97 %, 74126 MiB
70 %, 74414 MiB
100 %, 74126 MiB
100 %, 74414 MiB
100 %, 74414 MiB
100 %, 74414 MiB
98 %, 74414 MiB
100 %, 74414 MiB
98 %, 74126 MiB
100 %, 74414 MiB
100 %, 74126 MiB
100 %, 74414 MiB
100 %, 74414 MiB
100 %, 74414 MiB
100 %, 74414 MiB
100 %, 74414 MiB
98 %, 74126 MiB
100 %, 74414 MiB
97 %, 74126 MiB
100 %, 74414 MiB
95 %, 74414 MiB
100 %, 74414 MiB
98 %, 74414 MiB
100 %, 74414 MiB
100 %, 74126 MiB
100 %, 74414 MiB
98 %, 74126 MiB
98 %, 74414 MiB
98 %, 74414 MiB
98 %, 74414 MiB
98 %, 74414 MiB
98 %, 74414 MiB
99 %, 74126 MiB
98 %, 74414 MiB
98 %, 74126 MiB
100 %, 74414 MiB
98 %, 74414 MiB
99 %, 74414 MiB
98 %, 74414 MiB
100 %, 74414 MiB
100 %, 74126 MiB
98 %, 74414 MiB
100 %, 74126 MiB
100 %, 74414 MiB
100 %, 74414 MiB
100 %, 74414 MiB
100 %, 74414 MiB
100 %, 74414 MiB
100 %, 74126 MiB
100 %, 74414 MiB
100 %, 74126 MiB
98 %, 74414 MiB
100 %, 74414 MiB
98 %, 74414 MiB
100 %, 74414 MiB
100 %, 74414 MiB
100 %, 74126 MiB
100 %, 74414 MiB
97 %, 74126 MiB
100 %, 74414 MiB
58 %, 74414 MiB
100 %, 74414 MiB
100 %, 74414 MiB
98 %, 74414 MiB
97 %, 74126 MiB
95 %, 74414 MiB
100 %, 74126 MiB
97 %, 74414 MiB
97 %, 74414 MiB
100 %, 74414 MiB
97 %, 74414 MiB
100 %, 74414 MiB
97 %, 74126 MiB
97 %, 74414 MiB
100 %, 74126 MiB
100 %, 74414 MiB
100 %, 74414 MiB
100 %, 74414 MiB
100 %, 74414 MiB
100 %, 74414 MiB
100 %, 74126 MiB
100 %, 74414 MiB
97 %, 74126 MiB
85 %, 74414 MiB
100 %, 74414 MiB
91 %, 74414 MiB
100 %, 74414 MiB
98 %, 74414 MiB
98 %, 74126 MiB
95 %, 74414 MiB
100 %, 74126 MiB
100 %, 74414 MiB
98 %, 74414 MiB
100 %, 74414 MiB
100 %, 74414 MiB
100 %, 74414 MiB
100 %, 74126 MiB
100 %, 74414 MiB
98 %, 74126 MiB
98 %, 74414 MiB
98 %, 74414 MiB
100 %, 74414 MiB
100 %, 74414 MiB
98 %, 74414 MiB
98 %, 74126 MiB
100 %, 74414 MiB
100 %, 74126 MiB
100 %, 74414 MiB
100 %, 74414 MiB
98 %, 74414 MiB
100 %, 74414 MiB
100 %, 74414 MiB
100 %, 74126 MiB
100 %, 74414 MiB
100 %, 74126 MiB
100 %, 74414 MiB
100 %, 74414 MiB
100 %, 74414 MiB
100 %, 74414 MiB
100 %, 74414 MiB
100 %, 74126 MiB
100 %, 74414 MiB
100 %, 74126 MiB
100 %, 74414 MiB
100 %, 74414 MiB
100 %, 74414 MiB
100 %, 74414 MiB
100 %, 74414 MiB
100 %, 74126 MiB
100 %, 74414 MiB
99 %, 74126 MiB
99 %, 74414 MiB
96 %, 74414 MiB
100 %, 74414 MiB
99 %, 74414 MiB
100 %, 74414 MiB
100 %, 74126 MiB
100 %, 74414 MiB
100 %, 74126 MiB
98 %, 74414 MiB
98 %, 74414 MiB
98 %, 74414 MiB
100 %, 74414 MiB
98 %, 74414 MiB
98 %, 74126 MiB
100 %, 74414 MiB
100 %, 74126 MiB
100 %, 74414 MiB
100 %, 74414 MiB
85 %, 74414 MiB
100 %, 74414 MiB
100 %, 74414 MiB
100 %, 74126 MiB
93 %, 74414 MiB
100 %, 74126 MiB
100 %, 74414 MiB
97 %, 74414 MiB
97 %, 74414 MiB
97 %, 74414 MiB
100 %, 74414 MiB
100 %, 74126 MiB
97 %, 74414 MiB
100 %, 74126 MiB
100 %, 74414 MiB
100 %, 74414 MiB
100 %, 74414 MiB
100 %, 74414 MiB
100 %, 74414 MiB
100 %, 74126 MiB
100 %, 74414 MiB
100 %, 74126 MiB
100 %, 74414 MiB
98 %, 74414 MiB
96 %, 74414 MiB
98 %, 74414 MiB
98 %, 74414 MiB
100 %, 74126 MiB
88 %, 74414 MiB
98 %, 74126 MiB
98 %, 74414 MiB
98 %, 74414 MiB
100 %, 74414 MiB
98 %, 74414 MiB
100 %, 74414 MiB
98 %, 74126 MiB
100 %, 74414 MiB
98 %, 74126 MiB
100 %, 74414 MiB
98 %, 74414 MiB
98 %, 74414 MiB
98 %, 74414 MiB
98 %, 74414 MiB
98 %, 74126 MiB
98 %, 74414 MiB
100 %, 74126 MiB
100 %, 74414 MiB
100 %, 74414 MiB
100 %, 74414 MiB
100 %, 74414 MiB
100 %, 74414 MiB
100 %, 74126 MiB
100 %, 74414 MiB
100 %, 74126 MiB
100 %, 74414 MiB
100 %, 74414 MiB
100 %, 74414 MiB
100 %, 74414 MiB
100 %, 74414 MiB
100 %, 74126 MiB
100 %, 74414 MiB
98 %, 74126 MiB
100 %, 74414 MiB
100 %, 74414 MiB
98 %, 74414 MiB
98 %, 74414 MiB
98 %, 74414 MiB
98 %, 74126 MiB
98 %, 74414 MiB
98 %, 74126 MiB
97 %, 74414 MiB
79 %, 74414 MiB
99 %, 74414 MiB
100 %, 74414 MiB
100 %, 74414 MiB
100 %, 74126 MiB
100 %, 74414 MiB
100 %, 74126 MiB
100 %, 74414 MiB
100 %, 74414 MiB
100 %, 74414 MiB
100 %, 74414 MiB
100 %, 74414 MiB
100 %, 74126 MiB
100 %, 74414 MiB
100 %, 74126 MiB
98 %, 74414 MiB
98 %, 74414 MiB
98 %, 74414 MiB
98 %, 74414 MiB
98 %, 74414 MiB
100 %, 74126 MiB
100 %, 74414 MiB
98 %, 74126 MiB
98 %, 74414 MiB
100 %, 74414 MiB
98 %, 74414 MiB
100 %, 74414 MiB
100 %, 74414 MiB
98 %, 74126 MiB
100 %, 74414 MiB
100 %, 74126 MiB
100 %, 74414 MiB
100 %, 74414 MiB
100 %, 74414 MiB
100 %, 74414 MiB
98 %, 74414 MiB
100 %, 74126 MiB
100 %, 74414 MiB
98 %, 74126 MiB
97 %, 74414 MiB
74 %, 74414 MiB
97 %, 74414 MiB
97 %, 74414 MiB
100 %, 74414 MiB
100 %, 74126 MiB
100 %, 74414 MiB
100 %, 74126 MiB
98 %, 74414 MiB
98 %, 74414 MiB
100 %, 74414 MiB
98 %, 74414 MiB
100 %, 74414 MiB
100 %, 74126 MiB
99 %, 74414 MiB
100 %, 74126 MiB
99 %, 74414 MiB
98 %, 74414 MiB
100 %, 74414 MiB
100 %, 74414 MiB
100 %, 74414 MiB
100 %, 74126 MiB
100 %, 74414 MiB
100 %, 74126 MiB
100 %, 74414 MiB
100 %, 74414 MiB
100 %, 74414 MiB
100 %, 74414 MiB
100 %, 74414 MiB
100 %, 74126 MiB
100 %, 74414 MiB
98 %, 74126 MiB
98 %, 74414 MiB
98 %, 74414 MiB
98 %, 74414 MiB
99 %, 74414 MiB
98 %, 74414 MiB
98 %, 74126 MiB
97 %, 74414 MiB
100 %, 74126 MiB
100 %, 74414 MiB
100 %, 74414 MiB
100 %, 74414 MiB
100 %, 74414 MiB
100 %, 74414 MiB
100 %, 74126 MiB
100 %, 74414 MiB
100 %, 74126 MiB
100 %, 74414 MiB
100 %, 74414 MiB
100 %, 74414 MiB
100 %, 74414 MiB
100 %, 74414 MiB
100 %, 74126 MiB
100 %, 74414 MiB
98 %, 74126 MiB
98 %, 74414 MiB
98 %, 74414 MiB
98 %, 74414 MiB
100 %, 74414 MiB
98 %, 74414 MiB
98 %, 74126 MiB
98 %, 74414 MiB
100 %, 74126 MiB
100 %, 74414 MiB
98 %, 74414 MiB
98 %, 74414 MiB
100 %, 74414 MiB
98 %, 74414 MiB
98 %, 74126 MiB
100 %, 74414 MiB
98 %, 74126 MiB
99 %, 74414 MiB
98 %, 74414 MiB
99 %, 74414 MiB
100 %, 74414 MiB
99 %, 74414 MiB
98 %, 74126 MiB
100 %, 74414 MiB
