0 %, 72932 MiB
0 %, 73220 MiB
0 %, 73220 MiB
0 %, 73220 MiB
0 %, 73220 MiB
0 %, 73220 MiB
0 %, 72932 MiB
0 %, 73220 MiB
0 %, 73228 MiB
0 %, 73516 MiB
0 %, 73516 MiB
0 %, 73516 MiB
38 %, 73516 MiB
41 %, 74028 MiB
42 %, 73740 MiB
70 %, 74028 MiB
100 %, 74124 MiB
97 %, 74412 MiB
100 %, 74412 MiB
100 %, 74412 MiB
97 %, 74412 MiB
100 %, 74412 MiB
97 %, 74124 MiB
100 %, 74412 MiB
97 %, 74124 MiB
97 %, 74412 MiB
97 %, 74412 MiB
100 %, 74412 MiB
97 %, 74412 MiB
97 %, 74412 MiB
97 %, 74124 MiB
100 %, 74412 MiB
96 %, 74124 MiB
96 %, 74412 MiB
96 %, 74412 MiB
91 %, 74412 MiB
92 %, 74412 MiB
95 %, 74412 MiB
86 %, 74124 MiB
75 %, 74412 MiB
96 %, 74124 MiB
95 %, 74412 MiB
96 %, 74412 MiB
96 %, 74412 MiB
93 %, 74412 MiB
94 %, 74412 MiB
96 %, 74124 MiB
90 %, 74412 MiB
96 %, 74124 MiB
95 %, 74412 MiB
89 %, 74412 MiB
96 %, 74412 MiB
96 %, 74412 MiB
94 %, 74412 MiB
95 %, 74124 MiB
89 %, 74412 MiB
0 %, 74124 MiB
0 %, 74412 MiB
0 %, 74412 MiB
0 %, 74412 MiB
0 %, 74412 MiB
0 %, 74412 MiB
0 %, 74124 MiB
0 %, 74412 MiB
100 %, 74124 MiB
100 %, 74412 MiB
92 %, 74412 MiB
100 %, 74412 MiB
100 %, 74412 MiB
100 %, 74412 MiB
91 %, 74124 MiB
100 %, 74412 MiB
100 %, 74124 MiB
100 %, 74412 MiB
100 %, 74412 MiB
100 %, 74412 MiB
100 %, 74412 MiB
100 %, 74412 MiB
100 %, 74124 MiB
100 %, 74412 MiB
97 %, 74124 MiB
100 %, 74412 MiB
100 %, 74412 MiB
98 %, 74412 MiB
100 %, 74412 MiB
98 %, 74412 MiB
100 %, 74124 MiB
100 %, 74412 MiB
96 %, 74124 MiB
95 %, 74412 MiB
94 %, 74412 MiB
96 %, 74412 MiB
96 %, 74412 MiB
96 %, 74412 MiB
96 %, 74124 MiB
75 %, 74412 MiB
96 %, 74124 MiB
96 %, 74412 MiB
96 %, 74412 MiB
96 %, 74412 MiB
96 %, 74412 MiB
91 %, 74412 MiB
96 %, 74124 MiB
87 %, 74412 MiB
