0 %, 72932 MiB
0 %, 73220 MiB
0 %, 73220 MiB
2 %, 73220 MiB
0 %, 73220 MiB
0 %, 73220 MiB
3 %, 73354 MiB
2 %, 73220 MiB
0 %, 73228 MiB
0 %, 73516 MiB
0 %, 73516 MiB
0 %, 73516 MiB
0 %, 73516 MiB
0 %, 73516 MiB
0 %, 73228 MiB
6 %, 73516 MiB
100 %, 74124 MiB
100 %, 74412 MiB
100 %, 74412 MiB
100 %, 74412 MiB
97 %, 74412 MiB
100 %, 74412 MiB
100 %, 74124 MiB
97 %, 74412 MiB
97 %, 74124 MiB
100 %, 74412 MiB
100 %, 74412 MiB
100 %, 74412 MiB
100 %, 74412 MiB
96 %, 74412 MiB
97 %, 74124 MiB
97 %, 74412 MiB
97 %, 74124 MiB
67 %, 74412 MiB
68 %, 74412 MiB
49 %, 74412 MiB
70 %, 74412 MiB
54 %, 74412 MiB
96 %, 74124 MiB
76 %, 74412 MiB
98 %, 74124 MiB
96 %, 74412 MiB
77 %, 74412 MiB
94 %, 74412 MiB
96 %, 74412 MiB
84 %, 74412 MiB
96 %, 74124 MiB
96 %, 74412 MiB
96 %, 74124 MiB
96 %, 74412 MiB
96 %, 74412 MiB
88 %, 74412 MiB
95 %, 74412 MiB
88 %, 74412 MiB
96 %, 74124 MiB
91 %, 74412 MiB
62 %, 74124 MiB
96 %, 74412 MiB
96 %, 74412 MiB
79 %, 74412 MiB
96 %, 74412 MiB
47 %, 74412 MiB
96 %, 74124 MiB
94 %, 74412 MiB
0 %, 74124 MiB
0 %, 74412 MiB
0 %, 74412 MiB
0 %, 74412 MiB
0 %, 74412 MiB
0 %, 74412 MiB
0 %, 74124 MiB
0 %, 74412 MiB
100 %, 74124 MiB
97 %, 74412 MiB
100 %, 74412 MiB
100 %, 74412 MiB
100 %, 74412 MiB
98 %, 74412 MiB
100 %, 74124 MiB
100 %, 74412 MiB
100 %, 74124 MiB
100 %, 74412 MiB
100 %, 74412 MiB
100 %, 74412 MiB
100 %, 74412 MiB
100 %, 74412 MiB
100 %, 74124 MiB
100 %, 74412 MiB
96 %, 74124 MiB
94 %, 74412 MiB
92 %, 74412 MiB
94 %, 74412 MiB
96 %, 74412 MiB
60 %, 74412 MiB
94 %, 74124 MiB
91 %, 74412 MiB
96 %, 74124 MiB
95 %, 74412 MiB
95 %, 74412 MiB
94 %, 74412 MiB
90 %, 74412 MiB
78 %, 74412 MiB
95 %, 74124 MiB
96 %, 74412 MiB
96 %, 74124 MiB
96 %, 74412 MiB
96 %, 74412 MiB
96 %, 74412 MiB
94 %, 74412 MiB
90 %, 74412 MiB
96 %, 74124 MiB
93 %, 74412 MiB
