64 %, 73960 MiB
0 %, 74248 MiB
63 %, 74248 MiB
0 %, 74248 MiB
10 %, 74248 MiB
27 %, 74248 MiB
21 %, 73960 MiB
93 %, 74248 MiB
98 %, 73962 MiB
100 %, 74250 MiB
100 %, 74250 MiB
98 %, 74250 MiB
100 %, 74250 MiB
100 %, 74250 MiB
100 %, 73962 MiB
100 %, 74250 MiB
100 %, 73962 MiB
98 %, 74250 MiB
98 %, 74250 MiB
98 %, 74250 MiB
100 %, 74250 MiB
98 %, 74250 MiB
98 %, 73962 MiB
98 %, 74250 MiB
100 %, 73962 MiB
95 %, 74250 MiB
93 %, 74250 MiB
96 %, 74250 MiB
99 %, 74250 MiB
99 %, 74250 MiB
46 %, 73962 MiB
98 %, 74250 MiB
100 %, 73962 MiB
100 %, 74250 MiB
100 %, 74250 MiB
100 %, 74250 MiB
100 %, 74250 MiB
100 %, 74250 MiB
100 %, 73962 MiB
100 %, 74250 MiB
100 %, 73962 MiB
100 %, 74250 MiB
100 %, 74250 MiB
100 %, 74250 MiB
100 %, 74250 MiB
100 %, 74250 MiB
100 %, 73962 MiB
100 %, 74250 MiB
95 %, 73962 MiB
93 %, 74250 MiB
100 %, 74250 MiB
93 %, 74250 MiB
100 %, 74250 MiB
100 %, 74250 MiB
100 %, 73962 MiB
97 %, 74250 MiB
98 %, 73962 MiB
98 %, 74250 MiB
100 %, 74250 MiB
98 %, 74250 MiB
100 %, 74250 MiB
100 %, 74250 MiB
100 %, 73962 MiB
100 %, 74250 MiB
100 %, 73962 MiB
98 %, 74250 MiB
100 %, 74250 MiB
98 %, 74250 MiB
100 %, 74250 MiB
100 %, 74250 MiB
100 %, 73962 MiB
100 %, 74250 MiB
98 %, 73962 MiB
100 %, 74250 MiB
98 %, 74250 MiB
100 %, 74250 MiB
100 %, 74250 MiB
98 %, 74250 MiB
98 %, 73962 MiB
98 %, 74250 MiB
100 %, 73962 MiB
100 %, 74250 MiB
98 %, 74250 MiB
100 %, 74250 MiB
98 %, 74250 MiB
100 %, 74250 MiB
100 %, 73962 MiB
100 %, 74250 MiB
100 %, 73962 MiB
100 %, 74250 MiB
100 %, 74250 MiB
100 %, 74250 MiB
100 %, 74250 MiB
100 %, 74250 MiB
100 %, 73962 MiB
100 %, 74250 MiB
100 %, 73962 MiB
100 %, 74250 MiB
100 %, 74250 MiB
100 %, 74250 MiB
100 %, 74250 MiB
100 %, 74250 MiB
100 %, 73962 MiB
100 %, 74250 MiB
100 %, 73962 MiB
100 %, 74250 MiB
100 %, 74250 MiB
100 %, 74250 MiB
100 %, 74250 MiB
98 %, 74250 MiB
98 %, 73962 MiB
100 %, 74250 MiB
98 %, 73962 MiB
98 %, 74250 MiB
46 %, 74250 MiB
98 %, 74250 MiB
98 %, 74250 MiB
98 %, 74250 MiB
87 %, 73962 MiB
98 %, 74250 MiB
98 %, 73962 MiB
98 %, 74250 MiB
98 %, 74250 MiB
98 %, 74250 MiB
98 %, 74250 MiB
98 %, 74250 MiB
98 %, 73962 MiB
98 %, 74250 MiB
100 %, 73962 MiB
100 %, 74250 MiB
100 %, 74250 MiB
100 %, 74250 MiB
98 %, 74250 MiB
100 %, 74250 MiB
100 %, 73962 MiB
100 %, 74250 MiB
100 %, 73962 MiB
100 %, 74250 MiB
100 %, 74250 MiB
100 %, 74250 MiB
100 %, 74250 MiB
100 %, 74250 MiB
100 %, 73962 MiB
100 %, 74250 MiB
100 %, 73962 MiB
100 %, 74250 MiB
100 %, 74250 MiB
100 %, 74250 MiB
100 %, 74250 MiB
100 %, 74250 MiB
100 %, 73962 MiB
100 %, 74250 MiB
98 %, 73962 MiB
98 %, 74250 MiB
98 %, 74250 MiB
98 %, 74250 MiB
98 %, 74250 MiB
98 %, 74250 MiB
98 %, 73962 MiB
98 %, 74250 MiB
100 %, 73962 MiB
100 %, 74250 MiB
100 %, 74250 MiB
100 %, 74250 MiB
100 %, 74250 MiB
100 %, 74250 MiB
100 %, 73962 MiB
100 %, 74250 MiB
100 %, 73962 MiB
100 %, 74250 MiB
100 %, 74250 MiB
100 %, 74250 MiB
100 %, 74250 MiB
100 %, 74250 MiB
100 %, 73962 MiB
100 %, 74250 MiB
100 %, 73962 MiB
98 %, 74250 MiB
94 %, 74250 MiB
98 %, 74250 MiB
98 %, 74250 MiB
98 %, 74250 MiB
98 %, 73962 MiB
98 %, 74250 MiB
100 %, 73962 MiB
100 %, 74250 MiB
100 %, 74250 MiB
100 %, 74250 MiB
100 %, 74250 MiB
100 %, 74250 MiB
100 %, 73962 MiB
100 %, 74250 MiB
100 %, 73962 MiB
100 %, 74250 MiB
100 %, 74250 MiB
100 %, 74250 MiB
100 %, 74250 MiB
100 %, 74250 MiB
100 %, 73962 MiB
100 %, 74250 MiB
96 %, 73962 MiB
97 %, 74250 MiB
95 %, 74250 MiB
100 %, 74250 MiB
95 %, 74250 MiB
100 %, 74250 MiB
100 %, 73962 MiB
100 %, 74250 MiB
100 %, 73962 MiB
100 %, 74250 MiB
100 %, 74250 MiB
100 %, 74250 MiB
100 %, 74250 MiB
100 %, 74250 MiB
100 %, 73962 MiB
100 %, 74250 MiB
100 %, 73962 MiB
100 %, 74250 MiB
100 %, 74250 MiB
100 %, 74250 MiB
100 %, 74250 MiB
100 %, 74250 MiB
100 %, 73962 MiB
100 %, 74250 MiB
98 %, 73962 MiB
58 %, 74250 MiB
98 %, 74250 MiB
98 %, 74250 MiB
98 %, 74250 MiB
97 %, 74250 MiB
97 %, 73962 MiB
98 %, 74250 MiB
100 %, 73962 MiB
100 %, 74250 MiB
100 %, 74250 MiB
100 %, 74250 MiB
100 %, 74250 MiB
100 %, 74250 MiB
100 %, 73962 MiB
100 %, 74250 MiB
100 %, 73962 MiB
100 %, 74250 MiB
100 %, 74250 MiB
100 %, 74250 MiB
100 %, 74250 MiB
100 %, 74250 MiB
100 %, 73962 MiB
100 %, 74250 MiB
100 %, 73962 MiB
91 %, 74250 MiB
100 %, 74250 MiB
100 %, 74250 MiB
100 %, 74250 MiB
100 %, 74250 MiB
100 %, 73962 MiB
98 %, 74250 MiB
100 %, 73962 MiB
100 %, 74250 MiB
98 %, 74250 MiB
100 %, 74250 MiB
100 %, 74250 MiB
100 %, 74250 MiB
100 %, 73962 MiB
100 %, 74250 MiB
100 %, 73962 MiB
100 %, 74250 MiB
100 %, 74250 MiB
100 %, 74250 MiB
100 %, 74250 MiB
100 %, 74250 MiB
100 %, 73962 MiB
100 %, 74250 MiB
97 %, 73962 MiB
98 %, 74250 MiB
93 %, 74250 MiB
95 %, 74250 MiB
99 %, 74250 MiB
97 %, 74250 MiB
98 %, 73962 MiB
75 %, 74250 MiB
100 %, 73962 MiB
100 %, 74250 MiB
100 %, 74250 MiB
100 %, 74250 MiB
100 %, 74250 MiB
100 %, 74250 MiB
100 %, 73962 MiB
100 %, 74250 MiB
100 %, 73962 MiB
100 %, 74250 MiB
100 %, 74250 MiB
100 %, 74250 MiB
100 %, 74250 MiB
100 %, 74250 MiB
98 %, 73962 MiB
100 %, 74250 MiB
96 %, 73962 MiB
96 %, 74250 MiB
95 %, 74250 MiB
98 %, 74250 MiB
98 %, 74250 MiB
98 %, 74250 MiB
97 %, 73962 MiB
98 %, 74250 MiB
100 %, 73962 MiB
100 %, 74250 MiB
97 %, 74250 MiB
98 %, 74250 MiB
100 %, 74250 MiB
98 %, 74250 MiB
98 %, 73962 MiB
100 %, 74250 MiB
98 %, 73962 MiB
98 %, 74250 MiB
98 %, 74250 MiB
98 %, 74250 MiB
100 %, 74250 MiB
98 %, 74250 MiB
98 %, 73962 MiB
98 %, 74250 MiB
100 %, 73962 MiB
100 %, 74250 MiB
100 %, 74250 MiB
100 %, 74250 MiB
100 %, 74250 MiB
100 %, 74250 MiB
100 %, 73962 MiB
100 %, 74250 MiB
97 %, 73962 MiB
95 %, 74250 MiB
94 %, 74250 MiB
92 %, 74250 MiB
100 %, 74250 MiB
82 %, 74250 MiB
83 %, 73962 MiB
97 %, 74250 MiB
98 %, 73962 MiB
100 %, 74250 MiB
100 %, 74250 MiB
100 %, 74250 MiB
100 %, 74250 MiB
100 %, 74250 MiB
100 %, 73962 MiB
100 %, 74250 MiB
100 %, 73962 MiB
100 %, 74250 MiB
98 %, 74250 MiB
98 %, 74250 MiB
100 %, 74250 MiB
98 %, 74250 MiB
98 %, 73962 MiB
100 %, 74250 MiB
100 %, 73962 MiB
100 %, 74250 MiB
100 %, 74250 MiB
100 %, 74250 MiB
100 %, 74250 MiB
100 %, 74250 MiB
100 %, 73962 MiB
100 %, 74250 MiB
100 %, 73962 MiB
100 %, 74250 MiB
100 %, 74250 MiB
100 %, 74250 MiB
100 %, 74250 MiB
100 %, 74250 MiB
100 %, 73962 MiB
100 %, 74250 MiB
98 %, 73962 MiB
85 %, 74250 MiB
98 %, 74250 MiB
100 %, 74250 MiB
98 %, 74250 MiB
100 %, 74250 MiB
92 %, 73962 MiB
69 %, 74250 MiB
98 %, 73962 MiB
98 %, 74250 MiB
100 %, 74250 MiB
100 %, 74250 MiB
100 %, 74250 MiB
100 %, 74250 MiB
98 %, 73962 MiB
98 %, 74250 MiB
100 %, 73962 MiB
100 %, 74250 MiB
100 %, 74250 MiB
100 %, 74250 MiB
100 %, 74250 MiB
100 %, 74250 MiB
100 %, 73962 MiB
100 %, 74250 MiB
100 %, 73962 MiB
100 %, 74250 MiB
73 %, 74250 MiB
99 %, 74250 MiB
100 %, 74250 MiB
99 %, 74250 MiB
98 %, 73962 MiB
97 %, 74250 MiB
100 %, 73962 MiB
100 %, 74250 MiB
100 %, 74250 MiB
100 %, 74250 MiB
100 %, 74250 MiB
100 %, 74250 MiB
100 %, 73962 MiB
100 %, 74250 MiB
98 %, 73962 MiB
96 %, 74250 MiB
50 %, 74250 MiB
97 %, 74250 MiB
96 %, 74250 MiB
97 %, 74250 MiB
83 %, 73962 MiB
94 %, 74250 MiB
97 %, 73962 MiB
97 %, 74250 MiB
91 %, 74250 MiB
100 %, 74250 MiB
99 %, 74250 MiB
100 %, 74250 MiB
100 %, 73962 MiB
100 %, 74250 MiB
100 %, 73962 MiB
100 %, 74250 MiB
100 %, 74250 MiB
100 %, 74250 MiB
100 %, 74250 MiB
100 %, 74250 MiB
100 %, 73962 MiB
100 %, 74250 MiB
100 %, 73962 MiB
100 %, 74250 MiB
100 %, 74250 MiB
100 %, 74250 MiB
100 %, 74250 MiB
100 %, 74250 MiB
100 %, 73962 MiB
100 %, 74250 MiB
100 %, 73962 MiB
100 %, 74250 MiB
100 %, 74250 MiB
100 %, 74250 MiB
100 %, 74250 MiB
100 %, 74250 MiB
100 %, 73962 MiB
100 %, 74250 MiB
100 %, 73962 MiB
100 %, 74250 MiB
100 %, 74250 MiB
100 %, 74250 MiB
100 %, 74250 MiB
98 %, 74250 MiB
100 %, 73962 MiB
100 %, 74250 MiB
97 %, 73962 MiB
96 %, 74250 MiB
74 %, 74250 MiB
96 %, 74250 MiB
98 %, 74250 MiB
97 %, 74250 MiB
96 %, 73962 MiB
96 %, 74250 MiB
98 %, 73962 MiB
100 %, 74250 MiB
100 %, 74250 MiB
98 %, 74250 MiB
100 %, 74250 MiB
98 %, 74250 MiB
98 %, 73962 MiB
98 %, 74250 MiB
100 %, 73962 MiB
100 %, 74250 MiB
98 %, 74250 MiB
100 %, 74250 MiB
100 %, 74250 MiB
98 %, 74250 MiB
100 %, 73962 MiB
100 %, 74250 MiB
98 %, 73962 MiB
98 %, 74250 MiB
79 %, 74250 MiB
99 %, 74250 MiB
98 %, 74250 MiB
99 %, 74250 MiB
94 %, 73962 MiB
100 %, 74250 MiB
100 %, 73962 MiB
100 %, 74250 MiB
100 %, 74250 MiB
100 %, 74250 MiB
100 %, 74250 MiB
100 %, 74250 MiB
100 %, 73962 MiB
100 %, 74250 MiB
100 %, 73962 MiB
100 %, 74250 MiB
100 %, 74250 MiB
100 %, 74250 MiB
100 %, 74250 MiB
97 %, 74250 MiB
100 %, 73962 MiB
97 %, 74250 MiB
100 %, 73962 MiB
76 %, 74250 MiB
64 %, 74250 MiB
97 %, 74250 MiB
97 %, 74250 MiB
97 %, 74250 MiB
97 %, 73962 MiB
85 %, 74250 MiB
100 %, 73962 MiB
100 %, 74250 MiB
100 %, 74250 MiB
100 %, 74250 MiB
98 %, 74250 MiB
98 %, 74250 MiB
100 %, 73962 MiB
98 %, 74250 MiB
100 %, 73962 MiB
100 %, 74250 MiB
100 %, 74250 MiB
100 %, 74250 MiB
100 %, 74250 MiB
100 %, 74250 MiB
100 %, 73962 MiB
100 %, 74250 MiB
98 %, 73962 MiB
100 %, 74250 MiB
98 %, 74250 MiB
98 %, 74250 MiB
98 %, 74250 MiB
100 %, 74250 MiB
100 %, 73962 MiB
98 %, 74250 MiB
100 %, 73962 MiB
100 %, 74250 MiB
100 %, 74250 MiB
100 %, 74250 MiB
100 %, 74250 MiB
100 %, 74250 MiB
100 %, 73962 MiB
100 %, 74250 MiB
98 %, 73962 MiB
98 %, 74250 MiB
100 %, 74250 MiB
98 %, 74250 MiB
97 %, 74250 MiB
98 %, 74250 MiB
100 %, 73962 MiB
97 %, 74250 MiB
98 %, 73962 MiB
98 %, 74250 MiB
98 %, 74250 MiB
99 %, 74250 MiB
100 %, 74250 MiB
98 %, 74250 MiB
99 %, 73962 MiB
100 %, 74250 MiB
100 %, 73962 MiB
100 %, 74250 MiB
100 %, 74250 MiB
100 %, 74250 MiB
100 %, 74250 MiB
100 %, 74250 MiB
100 %, 73962 MiB
100 %, 74250 MiB
99 %, 73962 MiB
100 %, 74250 MiB
100 %, 74250 MiB
99 %, 74250 MiB
100 %, 74250 MiB
100 %, 74250 MiB
97 %, 73962 MiB
99 %, 74250 MiB
98 %, 73962 MiB
100 %, 74250 MiB
100 %, 74250 MiB
100 %, 74250 MiB
100 %, 74250 MiB
100 %, 74250 MiB
100 %, 73962 MiB
100 %, 74250 MiB
100 %, 73962 MiB
100 %, 74250 MiB
100 %, 74250 MiB
100 %, 74250 MiB
100 %, 74250 MiB
100 %, 74250 MiB
100 %, 73962 MiB
98 %, 74250 MiB
98 %, 73962 MiB
100 %, 74250 MiB
100 %, 74250 MiB
100 %, 74250 MiB
100 %, 74250 MiB
98 %, 74250 MiB
100 %, 73962 MiB
98 %, 74250 MiB
93 %, 73962 MiB
92 %, 74250 MiB
94 %, 74250 MiB
81 %, 74250 MiB
96 %, 74250 MiB
96 %, 74250 MiB
98 %, 73962 MiB
96 %, 74250 MiB
100 %, 73962 MiB
100 %, 74250 MiB
100 %, 74250 MiB
100 %, 74250 MiB
100 %, 74250 MiB
100 %, 74250 MiB
100 %, 73962 MiB
100 %, 74250 MiB
100 %, 73962 MiB
100 %, 74250 MiB
100 %, 74250 MiB
100 %, 74250 MiB
98 %, 74250 MiB
100 %, 74250 MiB
100 %, 73962 MiB
100 %, 74250 MiB
89 %, 73962 MiB
97 %, 74250 MiB
97 %, 74250 MiB
96 %, 74250 MiB
95 %, 74250 MiB
97 %, 74250 MiB
97 %, 73962 MiB
100 %, 74250 MiB
100 %, 73962 MiB
100 %, 74250 MiB
94 %, 74250 MiB
100 %, 74250 MiB
100 %, 74250 MiB
100 %, 74250 MiB
100 %, 73962 MiB
100 %, 74250 MiB
100 %, 73962 MiB
100 %, 74250 MiB
100 %, 74250 MiB
100 %, 74250 MiB
100 %, 74250 MiB
100 %, 74250 MiB
100 %, 73962 MiB
100 %, 74250 MiB
100 %, 73962 MiB
100 %, 74250 MiB
100 %, 74250 MiB
100 %, 74250 MiB
100 %, 74250 MiB
100 %, 74250 MiB
100 %, 73962 MiB
98 %, 74250 MiB
96 %, 73962 MiB
94 %, 74250 MiB
79 %, 74250 MiB
95 %, 74250 MiB
76 %, 74250 MiB
95 %, 74250 MiB
90 %, 73962 MiB
91 %, 74250 MiB
100 %, 73962 MiB
98 %, 74250 MiB
100 %, 74250 MiB
100 %, 74250 MiB
98 %, 74250 MiB
100 %, 74250 MiB
98 %, 73962 MiB
100 %, 74250 MiB
100 %, 73962 MiB
100 %, 74250 MiB
100 %, 74250 MiB
100 %, 74250 MiB
100 %, 74250 MiB
100 %, 74250 MiB
100 %, 73962 MiB
100 %, 74250 MiB
100 %, 73962 MiB
100 %, 74250 MiB
100 %, 74250 MiB
100 %, 74250 MiB
100 %, 74250 MiB
100 %, 74250 MiB
100 %, 73962 MiB
100 %, 74250 MiB
100 %, 73962 MiB
100 %, 74250 MiB
100 %, 74250 MiB
100 %, 74250 MiB
100 %, 74250 MiB
100 %, 74250 MiB
100 %, 73962 MiB
100 %, 74250 MiB
98 %, 73962 MiB
98 %, 74250 MiB
98 %, 74250 MiB
98 %, 74250 MiB
96 %, 74250 MiB
73 %, 74250 MiB
98 %, 73962 MiB
96 %, 74250 MiB
100 %, 73962 MiB
100 %, 74250 MiB
100 %, 74250 MiB
100 %, 74250 MiB
100 %, 74250 MiB
100 %, 74250 MiB
100 %, 73962 MiB
100 %, 74250 MiB
100 %, 73962 MiB
100 %, 74250 MiB
100 %, 74250 MiB
100 %, 74250 MiB
100 %, 74250 MiB
100 %, 74250 MiB
100 %, 73962 MiB
100 %, 74250 MiB
100 %, 73962 MiB
100 %, 74250 MiB
100 %, 74250 MiB
100 %, 74250 MiB
100 %, 74250 MiB
100 %, 74250 MiB
100 %, 73962 MiB
100 %, 74250 MiB
100 %, 73962 MiB
98 %, 74250 MiB
100 %, 74250 MiB
100 %, 74250 MiB
100 %, 74250 MiB
100 %, 74250 MiB
100 %, 73962 MiB
100 %, 74250 MiB
99 %, 73962 MiB
98 %, 74250 MiB
100 %, 74250 MiB
100 %, 74250 MiB
100 %, 74250 MiB
98 %, 74250 MiB
100 %, 73962 MiB
100 %, 74250 MiB
100 %, 73962 MiB
100 %, 74250 MiB
100 %, 74250 MiB
100 %, 74250 MiB
100 %, 74250 MiB
100 %, 74250 MiB
100 %, 73962 MiB
100 %, 74250 MiB
100 %, 73962 MiB
100 %, 74250 MiB
100 %, 74250 MiB
100 %, 74250 MiB
100 %, 74250 MiB
100 %, 74250 MiB
100 %, 73962 MiB
100 %, 74250 MiB
100 %, 73962 MiB
98 %, 74250 MiB
85 %, 74250 MiB
96 %, 74250 MiB
100 %, 74250 MiB
97 %, 74250 MiB
100 %, 73962 MiB
100 %, 74250 MiB
100 %, 73962 MiB
100 %, 74250 MiB
100 %, 74250 MiB
98 %, 74250 MiB
100 %, 74250 MiB
100 %, 74250 MiB
100 %, 73962 MiB
100 %, 74250 MiB
100 %, 73962 MiB
100 %, 74250 MiB
100 %, 74250 MiB
100 %, 74250 MiB
100 %, 74250 MiB
100 %, 74250 MiB
100 %, 73962 MiB
100 %, 74250 MiB
100 %, 73962 MiB
100 %, 74250 MiB
100 %, 74250 MiB
100 %, 74250 MiB
100 %, 74250 MiB
100 %, 74250 MiB
100 %, 73962 MiB
100 %, 74250 MiB
100 %, 73962 MiB
98 %, 74250 MiB
100 %, 74250 MiB
100 %, 74250 MiB
100 %, 74250 MiB
100 %, 74250 MiB
100 %, 73962 MiB
100 %, 74250 MiB
100 %, 73962 MiB
100 %, 74250 MiB
100 %, 74250 MiB
100 %, 74250 MiB
100 %, 74250 MiB
100 %, 74250 MiB
100 %, 73962 MiB
100 %, 74250 MiB
96 %, 73962 MiB
100 %, 74250 MiB
100 %, 74250 MiB
100 %, 74250 MiB
98 %, 74250 MiB
98 %, 74250 MiB
75 %, 73962 MiB
98 %, 74250 MiB
100 %, 73962 MiB
100 %, 74250 MiB
100 %, 74250 MiB
100 %, 74250 MiB
98 %, 74250 MiB
98 %, 74250 MiB
100 %, 73962 MiB
100 %, 74250 MiB
100 %, 73962 MiB
98 %, 74250 MiB
98 %, 74250 MiB
98 %, 74250 MiB
100 %, 74250 MiB
100 %, 74250 MiB
79 %, 73962 MiB
100 %, 74250 MiB
100 %, 73962 MiB
100 %, 74250 MiB
100 %, 74250 MiB
100 %, 74250 MiB
100 %, 74250 MiB
100 %, 74250 MiB
100 %, 73962 MiB
100 %, 74250 MiB
100 %, 73962 MiB
100 %, 74250 MiB
100 %, 74250 MiB
100 %, 74250 MiB
100 %, 74250 MiB
100 %, 74250 MiB
100 %, 73962 MiB
100 %, 74250 MiB
100 %, 73962 MiB
100 %, 74250 MiB
100 %, 74250 MiB
100 %, 74250 MiB
100 %, 74250 MiB
100 %, 74250 MiB
100 %, 73962 MiB
100 %, 74250 MiB
100 %, 73962 MiB
100 %, 74250 MiB
100 %, 74250 MiB
100 %, 74250 MiB
100 %, 74250 MiB
100 %, 74250 MiB
100 %, 73962 MiB
100 %, 74250 MiB
100 %, 73962 MiB
100 %, 74250 MiB
100 %, 74250 MiB
98 %, 74250 MiB
100 %, 74250 MiB
100 %, 74250 MiB
100 %, 73962 MiB
100 %, 74250 MiB
100 %, 73962 MiB
100 %, 74250 MiB
100 %, 74250 MiB
100 %, 74250 MiB
100 %, 74250 MiB
100 %, 74250 MiB
100 %, 73962 MiB
100 %, 74250 MiB
100 %, 73962 MiB
100 %, 74250 MiB
100 %, 74250 MiB
100 %, 74250 MiB
100 %, 74250 MiB
100 %, 74250 MiB
100 %, 73962 MiB
100 %, 74250 MiB
100 %, 73962 MiB
100 %, 74250 MiB
100 %, 74250 MiB
100 %, 74250 MiB
100 %, 74250 MiB
100 %, 74250 MiB
100 %, 73962 MiB
100 %, 74250 MiB
100 %, 73962 MiB
100 %, 74250 MiB
100 %, 74250 MiB
100 %, 74250 MiB
100 %, 74250 MiB
100 %, 74250 MiB
100 %, 73962 MiB
100 %, 74250 MiB
100 %, 73962 MiB
100 %, 74250 MiB
100 %, 74250 MiB
100 %, 74250 MiB
100 %, 74250 MiB
100 %, 74250 MiB
100 %, 73962 MiB
100 %, 74250 MiB
100 %, 73962 MiB
100 %, 74250 MiB
98 %, 74250 MiB
100 %, 74250 MiB
100 %, 74250 MiB
100 %, 74250 MiB
91 %, 73962 MiB
100 %, 74250 MiB
100 %, 73962 MiB
100 %, 74250 MiB
100 %, 74250 MiB
100 %, 74250 MiB
100 %, 74250 MiB
100 %, 74250 MiB
100 %, 73962 MiB
100 %, 74250 MiB
100 %, 73962 MiB
100 %, 74250 MiB
100 %, 74250 MiB
100 %, 74250 MiB
100 %, 74250 MiB
100 %, 74250 MiB
100 %, 73962 MiB
100 %, 74250 MiB
100 %, 73962 MiB
100 %, 74250 MiB
100 %, 74250 MiB
100 %, 74250 MiB
100 %, 74250 MiB
100 %, 74250 MiB
100 %, 73962 MiB
100 %, 74250 MiB
