0 %, 72936 MiB
0 %, 73224 MiB
0 %, 73224 MiB
0 %, 73224 MiB
0 %, 73224 MiB
0 %, 73224 MiB
0 %, 72936 MiB
0 %, 73224 MiB
0 %, 73232 MiB
0 %, 73520 MiB
0 %, 73520 MiB
0 %, 73520 MiB
0 %, 73520 MiB
0 %, 73520 MiB
0 %, 73232 MiB
0 %, 73520 MiB
92 %, 74128 MiB
40 %, 74416 MiB
26 %, 74416 MiB
1 %, 74416 MiB
1 %, 74224 MiB
0 %, 74416 MiB
77 %, 74128 MiB
51 %, 74416 MiB
97 %, 74128 MiB
100 %, 74416 MiB
100 %, 74416 MiB
100 %, 74416 MiB
100 %, 74416 MiB
100 %, 74416 MiB
100 %, 74128 MiB
100 %, 74416 MiB
96 %, 74128 MiB
97 %, 74416 MiB
96 %, 74416 MiB
97 %, 74416 MiB
96 %, 74416 MiB
100 %, 74416 MiB
97 %, 74128 MiB
100 %, 74416 MiB
97 %, 74128 MiB
96 %, 74416 MiB
97 %, 74416 MiB
96 %, 74416 MiB
27 %, 74416 MiB
98 %, 74416 MiB
93 %, 74128 MiB
95 %, 74416 MiB
83 %, 74128 MiB
96 %, 74416 MiB
97 %, 74416 MiB
95 %, 74416 MiB
95 %, 74416 MiB
98 %, 74416 MiB
94 %, 74128 MiB
90 %, 74416 MiB
83 %, 74128 MiB
95 %, 74416 MiB
98 %, 74416 MiB
92 %, 74416 MiB
95 %, 74416 MiB
95 %, 74416 MiB
96 %, 74128 MiB
90 %, 74416 MiB
82 %, 74128 MiB
98 %, 74416 MiB
96 %, 74416 MiB
96 %, 74416 MiB
96 %, 74416 MiB
96 %, 74416 MiB
96 %, 74128 MiB
96 %, 74416 MiB
0 %, 74128 MiB
0 %, 74416 MiB
0 %, 74416 MiB
0 %, 74416 MiB
0 %, 74416 MiB
0 %, 74416 MiB
0 %, 74128 MiB
0 %, 74416 MiB
100 %, 74128 MiB
100 %, 74416 MiB
100 %, 74416 MiB
100 %, 74416 MiB
100 %, 74416 MiB
100 %, 74416 MiB
100 %, 74128 MiB
100 %, 74416 MiB
100 %, 74128 MiB
96 %, 74416 MiB
100 %, 74416 MiB
97 %, 74416 MiB
97 %, 74416 MiB
97 %, 74416 MiB
97 %, 74128 MiB
97 %, 74416 MiB
100 %, 74128 MiB
100 %, 74416 MiB
100 %, 74416 MiB
100 %, 74416 MiB
100 %, 74416 MiB
100 %, 74416 MiB
100 %, 74128 MiB
100 %, 74416 MiB
1 %, 74326 MiB
2 %, 74758 MiB
1 %, 74758 MiB
1 %, 74758 MiB
1 %, 74758 MiB
2 %, 74758 MiB
1 %, 74326 MiB
1 %, 74758 MiB
0 %, 75832 MiB
0 %, 76132 MiB
0 %, 76306 MiB
0 %, 76228 MiB
0 %, 76246 MiB
0 %, 76228 MiB
0 %, 75820 MiB
0 %, 76036 MiB
89 %, 77502 MiB
100 %, 77934 MiB
91 %, 77934 MiB
87 %, 77934 MiB
82 %, 77934 MiB
92 %, 77934 MiB
88 %, 77502 MiB
90 %, 77934 MiB
86 %, 77502 MiB
85 %, 77934 MiB
89 %, 77934 MiB
95 %, 77934 MiB
96 %, 77934 MiB
96 %, 77934 MiB
96 %, 77502 MiB
96 %, 77934 MiB
85 %, 77502 MiB
94 %, 77934 MiB
87 %, 77934 MiB
96 %, 77934 MiB
97 %, 77934 MiB
94 %, 77934 MiB
95 %, 77502 MiB
96 %, 77934 MiB
