82 %, 77502 MiB
98 %, 77934 MiB
69 %, 77934 MiB
95 %, 77934 MiB
50 %, 77934 MiB
29 %, 77934 MiB
43 %, 77502 MiB
92 %, 77934 MiB
100 %, 77504 MiB
100 %, 77936 MiB
100 %, 77936 MiB
100 %, 77936 MiB
100 %, 77936 MiB
100 %, 77936 MiB
100 %, 77504 MiB
100 %, 77936 MiB
98 %, 77504 MiB
98 %, 77936 MiB
100 %, 77936 MiB
98 %, 77936 MiB
100 %, 77936 MiB
100 %, 77936 MiB
100 %, 77504 MiB
100 %, 77936 MiB
98 %, 77504 MiB
99 %, 77936 MiB
99 %, 77936 MiB
97 %, 77936 MiB
98 %, 77936 MiB
100 %, 77936 MiB
100 %, 77504 MiB
100 %, 77936 MiB
100 %, 77504 MiB
100 %, 77936 MiB
100 %, 77936 MiB
100 %, 77936 MiB
98 %, 77936 MiB
98 %, 77936 MiB
98 %, 77504 MiB
100 %, 77936 MiB
100 %, 77504 MiB
100 %, 77936 MiB
100 %, 77936 MiB
100 %, 77936 MiB
100 %, 77936 MiB
100 %, 77936 MiB
100 %, 77504 MiB
100 %, 77936 MiB
100 %, 77504 MiB
97 %, 77936 MiB
100 %, 77936 MiB
98 %, 77936 MiB
97 %, 77936 MiB
97 %, 77936 MiB
97 %, 77504 MiB
98 %, 77936 MiB
100 %, 77504 MiB
100 %, 77936 MiB
100 %, 77936 MiB
100 %, 77936 MiB
100 %, 77936 MiB
100 %, 77936 MiB
100 %, 77504 MiB
100 %, 77936 MiB
100 %, 77504 MiB
98 %, 77936 MiB
98 %, 77936 MiB
98 %, 77936 MiB
100 %, 77936 MiB
98 %, 77936 MiB
98 %, 77504 MiB
98 %, 77936 MiB
100 %, 77504 MiB
100 %, 77936 MiB
100 %, 77936 MiB
100 %, 77936 MiB
100 %, 77936 MiB
100 %, 77936 MiB
100 %, 77504 MiB
100 %, 77936 MiB
100 %, 77504 MiB
100 %, 77936 MiB
98 %, 77936 MiB
100 %, 77936 MiB
100 %, 77936 MiB
100 %, 77936 MiB
100 %, 77504 MiB
100 %, 77936 MiB
100 %, 77504 MiB
100 %, 77936 MiB
100 %, 77936 MiB
100 %, 77936 MiB
100 %, 77936 MiB
100 %, 77936 MiB
100 %, 77504 MiB
100 %, 77936 MiB
100 %, 77504 MiB
100 %, 77936 MiB
100 %, 77936 MiB
100 %, 77936 MiB
98 %, 77936 MiB
100 %, 77936 MiB
98 %, 77504 MiB
98 %, 77936 MiB
100 %, 77504 MiB
100 %, 77936 MiB
100 %, 77936 MiB
100 %, 77936 MiB
100 %, 77936 MiB
100 %, 77936 MiB
100 %, 77504 MiB
100 %, 77936 MiB
100 %, 77504 MiB
100 %, 77936 MiB
100 %, 77936 MiB
100 %, 77936 MiB
100 %, 77936 MiB
100 %, 77936 MiB
100 %, 77504 MiB
100 %, 77936 MiB
100 %, 77504 MiB
100 %, 77936 MiB
100 %, 77936 MiB
100 %, 77936 MiB
100 %, 77936 MiB
100 %, 77936 MiB
100 %, 77504 MiB
100 %, 77936 MiB
100 %, 77504 MiB
100 %, 77936 MiB
100 %, 77936 MiB
100 %, 77936 MiB
100 %, 77936 MiB
100 %, 77936 MiB
100 %, 77504 MiB
100 %, 77936 MiB
98 %, 77504 MiB
98 %, 77936 MiB
100 %, 77936 MiB
98 %, 77936 MiB
98 %, 77936 MiB
98 %, 77936 MiB
98 %, 77504 MiB
100 %, 77936 MiB
15 %, 77504 MiB
66 %, 77936 MiB
100 %, 77936 MiB
4 %, 77936 MiB
2 %, 77936 MiB
70 %, 77936 MiB
47 %, 77504 MiB
2 %, 77936 MiB
98 %, 77504 MiB
98 %, 77936 MiB
98 %, 77936 MiB
98 %, 77936 MiB
98 %, 77936 MiB
100 %, 77936 MiB
98 %, 77504 MiB
98 %, 77936 MiB
100 %, 77504 MiB
100 %, 77936 MiB
100 %, 77936 MiB
100 %, 77936 MiB
100 %, 77936 MiB
100 %, 77936 MiB
100 %, 77504 MiB
100 %, 77936 MiB
100 %, 77504 MiB
98 %, 77936 MiB
98 %, 77936 MiB
98 %, 77936 MiB
98 %, 77936 MiB
98 %, 77936 MiB
100 %, 77504 MiB
98 %, 77936 MiB
100 %, 77504 MiB
100 %, 77936 MiB
100 %, 77936 MiB
100 %, 77936 MiB
98 %, 77936 MiB
100 %, 77936 MiB
100 %, 77504 MiB
100 %, 77936 MiB
100 %, 77504 MiB
100 %, 77936 MiB
100 %, 77936 MiB
100 %, 77936 MiB
100 %, 77936 MiB
100 %, 77936 MiB
100 %, 77504 MiB
100 %, 77936 MiB
100 %, 77504 MiB
100 %, 77936 MiB
100 %, 77936 MiB
100 %, 77936 MiB
100 %, 77936 MiB
100 %, 77936 MiB
100 %, 77504 MiB
100 %, 77936 MiB
100 %, 77504 MiB
98 %, 77936 MiB
100 %, 77936 MiB
100 %, 77936 MiB
98 %, 77936 MiB
98 %, 77936 MiB
100 %, 77504 MiB
100 %, 77936 MiB
100 %, 77504 MiB
100 %, 77936 MiB
100 %, 77936 MiB
100 %, 77936 MiB
100 %, 77936 MiB
100 %, 77936 MiB
100 %, 77504 MiB
100 %, 77936 MiB
100 %, 77504 MiB
100 %, 77936 MiB
100 %, 77936 MiB
100 %, 77936 MiB
100 %, 77936 MiB
100 %, 77936 MiB
100 %, 77504 MiB
100 %, 77936 MiB
100 %, 77504 MiB
100 %, 77936 MiB
100 %, 77936 MiB
100 %, 77936 MiB
100 %, 77936 MiB
100 %, 77936 MiB
100 %, 77504 MiB
100 %, 77936 MiB
100 %, 77504 MiB
100 %, 77936 MiB
100 %, 77936 MiB
100 %, 77936 MiB
100 %, 77936 MiB
100 %, 77936 MiB
100 %, 77504 MiB
100 %, 77936 MiB
2 %, 77504 MiB
2 %, 77936 MiB
2 %, 77936 MiB
2 %, 77936 MiB
2 %, 77936 MiB
2 %, 77936 MiB
2 %, 77504 MiB
2 %, 77936 MiB
98 %, 77504 MiB
98 %, 77936 MiB
98 %, 77936 MiB
98 %, 77936 MiB
98 %, 77936 MiB
86 %, 77936 MiB
98 %, 77504 MiB
98 %, 77936 MiB
100 %, 77504 MiB
100 %, 77936 MiB
100 %, 77936 MiB
100 %, 77936 MiB
100 %, 77936 MiB
100 %, 77936 MiB
100 %, 77504 MiB
100 %, 77936 MiB
100 %, 77504 MiB
100 %, 77936 MiB
100 %, 77936 MiB
100 %, 77936 MiB
100 %, 77936 MiB
100 %, 77936 MiB
100 %, 77504 MiB
100 %, 77936 MiB
55 %, 77504 MiB
96 %, 77936 MiB
97 %, 77936 MiB
98 %, 77936 MiB
96 %, 77936 MiB
93 %, 77936 MiB
97 %, 77504 MiB
96 %, 77936 MiB
98 %, 77504 MiB
98 %, 77936 MiB
98 %, 77936 MiB
98 %, 77936 MiB
98 %, 77936 MiB
98 %, 77936 MiB
100 %, 77504 MiB
98 %, 77936 MiB
100 %, 77504 MiB
100 %, 77936 MiB
100 %, 77936 MiB
100 %, 77936 MiB
100 %, 77936 MiB
100 %, 77936 MiB
100 %, 77504 MiB
100 %, 77936 MiB
44 %, 77504 MiB
98 %, 77936 MiB
99 %, 77936 MiB
97 %, 77936 MiB
97 %, 77936 MiB
98 %, 77936 MiB
98 %, 77504 MiB
98 %, 77936 MiB
100 %, 77504 MiB
100 %, 77936 MiB
100 %, 77936 MiB
100 %, 77936 MiB
100 %, 77936 MiB
100 %, 77936 MiB
100 %, 77504 MiB
100 %, 77936 MiB
100 %, 77504 MiB
100 %, 77936 MiB
100 %, 77936 MiB
100 %, 77936 MiB
100 %, 77936 MiB
100 %, 77936 MiB
100 %, 77504 MiB
100 %, 77936 MiB
98 %, 77504 MiB
98 %, 77936 MiB
100 %, 77936 MiB
98 %, 77936 MiB
98 %, 77936 MiB
98 %, 77936 MiB
98 %, 77504 MiB
100 %, 77936 MiB
90 %, 77504 MiB
96 %, 77936 MiB
50 %, 77936 MiB
96 %, 77936 MiB
95 %, 77936 MiB
94 %, 77936 MiB
98 %, 77504 MiB
97 %, 77936 MiB
100 %, 77504 MiB
100 %, 77936 MiB
100 %, 77936 MiB
100 %, 77936 MiB
100 %, 77936 MiB
100 %, 77936 MiB
100 %, 77504 MiB
100 %, 77936 MiB
100 %, 77504 MiB
100 %, 77936 MiB
100 %, 77936 MiB
100 %, 77936 MiB
100 %, 77936 MiB
100 %, 77936 MiB
100 %, 77504 MiB
100 %, 77936 MiB
100 %, 77504 MiB
100 %, 77936 MiB
100 %, 77936 MiB
100 %, 77936 MiB
100 %, 77936 MiB
100 %, 77936 MiB
100 %, 77504 MiB
100 %, 77936 MiB
100 %, 77504 MiB
98 %, 77936 MiB
100 %, 77936 MiB
100 %, 77936 MiB
100 %, 77936 MiB
100 %, 77936 MiB
98 %, 77504 MiB
100 %, 77936 MiB
100 %, 77504 MiB
97 %, 77936 MiB
100 %, 77936 MiB
97 %, 77936 MiB
97 %, 77936 MiB
92 %, 77936 MiB
95 %, 77504 MiB
100 %, 77936 MiB
100 %, 77504 MiB
100 %, 77936 MiB
100 %, 77936 MiB
96 %, 77936 MiB
97 %, 77936 MiB
100 %, 77936 MiB
99 %, 77504 MiB
100 %, 77936 MiB
100 %, 77504 MiB
98 %, 77936 MiB
100 %, 77936 MiB
100 %, 77936 MiB
100 %, 77936 MiB
100 %, 77936 MiB
100 %, 77504 MiB
100 %, 77936 MiB
100 %, 77504 MiB
100 %, 77936 MiB
100 %, 77936 MiB
100 %, 77936 MiB
100 %, 77936 MiB
100 %, 77936 MiB
100 %, 77504 MiB
100 %, 77936 MiB
100 %, 77504 MiB
100 %, 77936 MiB
100 %, 77936 MiB
100 %, 77936 MiB
100 %, 77936 MiB
100 %, 77936 MiB
100 %, 77504 MiB
100 %, 77936 MiB
100 %, 77504 MiB
100 %, 77936 MiB
100 %, 77936 MiB
100 %, 77936 MiB
100 %, 77936 MiB
100 %, 77936 MiB
100 %, 77504 MiB
100 %, 77936 MiB
98 %, 77504 MiB
98 %, 77936 MiB
100 %, 77936 MiB
98 %, 77936 MiB
100 %, 77936 MiB
98 %, 77936 MiB
100 %, 77504 MiB
98 %, 77936 MiB
98 %, 77504 MiB
100 %, 77936 MiB
98 %, 77936 MiB
98 %, 77936 MiB
98 %, 77936 MiB
98 %, 77936 MiB
98 %, 77504 MiB
98 %, 77936 MiB
90 %, 77504 MiB
97 %, 77936 MiB
93 %, 77936 MiB
94 %, 77936 MiB
94 %, 77936 MiB
55 %, 77936 MiB
90 %, 77504 MiB
98 %, 77936 MiB
100 %, 77504 MiB
100 %, 77936 MiB
100 %, 77936 MiB
100 %, 77936 MiB
100 %, 77936 MiB
100 %, 77936 MiB
100 %, 77504 MiB
100 %, 77936 MiB
98 %, 77504 MiB
98 %, 77936 MiB
98 %, 77936 MiB
98 %, 77936 MiB
98 %, 77936 MiB
98 %, 77936 MiB
100 %, 77504 MiB
98 %, 77936 MiB
84 %, 77504 MiB
98 %, 77936 MiB
96 %, 77936 MiB
81 %, 77936 MiB
98 %, 77936 MiB
96 %, 77936 MiB
96 %, 77504 MiB
96 %, 77936 MiB
100 %, 77504 MiB
100 %, 77936 MiB
98 %, 77936 MiB
98 %, 77936 MiB
100 %, 77936 MiB
98 %, 77936 MiB
100 %, 77504 MiB
98 %, 77936 MiB
1 %, 77504 MiB
1 %, 77936 MiB
2 %, 77936 MiB
2 %, 77936 MiB
2 %, 77936 MiB
1 %, 77936 MiB
1 %, 77504 MiB
2 %, 77936 MiB
98 %, 77504 MiB
98 %, 77936 MiB
100 %, 77936 MiB
98 %, 77936 MiB
98 %, 77936 MiB
98 %, 77936 MiB
100 %, 77504 MiB
100 %, 77936 MiB
100 %, 77504 MiB
100 %, 77936 MiB
100 %, 77936 MiB
100 %, 77936 MiB
100 %, 77936 MiB
100 %, 77936 MiB
100 %, 77504 MiB
100 %, 77936 MiB
100 %, 77504 MiB
100 %, 77936 MiB
100 %, 77936 MiB
100 %, 77936 MiB
100 %, 77936 MiB
100 %, 77936 MiB
100 %, 77504 MiB
100 %, 77936 MiB
98 %, 77504 MiB
100 %, 77936 MiB
98 %, 77936 MiB
98 %, 77936 MiB
98 %, 77936 MiB
98 %, 77936 MiB
100 %, 77504 MiB
98 %, 77936 MiB
39 %, 77504 MiB
94 %, 77936 MiB
100 %, 77936 MiB
97 %, 77936 MiB
97 %, 77936 MiB
100 %, 77936 MiB
97 %, 77504 MiB
100 %, 77936 MiB
100 %, 77504 MiB
100 %, 77936 MiB
100 %, 77936 MiB
100 %, 77936 MiB
100 %, 77936 MiB
100 %, 77936 MiB
100 %, 77504 MiB
100 %, 77936 MiB
100 %, 77504 MiB
100 %, 77936 MiB
100 %, 77936 MiB
100 %, 77936 MiB
100 %, 77936 MiB
100 %, 77936 MiB
100 %, 77504 MiB
100 %, 77936 MiB
100 %, 77504 MiB
100 %, 77936 MiB
100 %, 77936 MiB
100 %, 77936 MiB
100 %, 77936 MiB
100 %, 77936 MiB
100 %, 77504 MiB
100 %, 77936 MiB
100 %, 77504 MiB
100 %, 77936 MiB
98 %, 77936 MiB
100 %, 77936 MiB
100 %, 77936 MiB
100 %, 77936 MiB
100 %, 77504 MiB
100 %, 77936 MiB
100 %, 77504 MiB
100 %, 77936 MiB
100 %, 77936 MiB
100 %, 77936 MiB
100 %, 77936 MiB
100 %, 77936 MiB
100 %, 77504 MiB
100 %, 77936 MiB
53 %, 77504 MiB
98 %, 77936 MiB
96 %, 77936 MiB
96 %, 77936 MiB
98 %, 77936 MiB
90 %, 77936 MiB
96 %, 77504 MiB
96 %, 77936 MiB
98 %, 77504 MiB
100 %, 77936 MiB
98 %, 77936 MiB
98 %, 77936 MiB
98 %, 77936 MiB
98 %, 77936 MiB
98 %, 77504 MiB
98 %, 77936 MiB
100 %, 77504 MiB
100 %, 77936 MiB
100 %, 77936 MiB
100 %, 77936 MiB
100 %, 77936 MiB
100 %, 77936 MiB
100 %, 77504 MiB
100 %, 77936 MiB
100 %, 77504 MiB
100 %, 77936 MiB
100 %, 77936 MiB
98 %, 77936 MiB
100 %, 77936 MiB
98 %, 77936 MiB
98 %, 77504 MiB
100 %, 77936 MiB
100 %, 77504 MiB
100 %, 77936 MiB
100 %, 77936 MiB
100 %, 77936 MiB
100 %, 77936 MiB
100 %, 77936 MiB
100 %, 77504 MiB
100 %, 77936 MiB
100 %, 77504 MiB
100 %, 77936 MiB
100 %, 77936 MiB
100 %, 77936 MiB
100 %, 77936 MiB
100 %, 77936 MiB
100 %, 77504 MiB
100 %, 77936 MiB
100 %, 77504 MiB
100 %, 77936 MiB
100 %, 77936 MiB
100 %, 77936 MiB
100 %, 77936 MiB
100 %, 77936 MiB
100 %, 77504 MiB
100 %, 77936 MiB
65 %, 77504 MiB
88 %, 77936 MiB
96 %, 77936 MiB
96 %, 77936 MiB
97 %, 77936 MiB
60 %, 77936 MiB
98 %, 77504 MiB
96 %, 77936 MiB
100 %, 77504 MiB
100 %, 77936 MiB
100 %, 77936 MiB
100 %, 77936 MiB
100 %, 77936 MiB
100 %, 77936 MiB
100 %, 77504 MiB
100 %, 77936 MiB
100 %, 77504 MiB
100 %, 77936 MiB
100 %, 77936 MiB
100 %, 77936 MiB
100 %, 77936 MiB
100 %, 77936 MiB
100 %, 77504 MiB
100 %, 77936 MiB
100 %, 77504 MiB
100 %, 77936 MiB
100 %, 77936 MiB
100 %, 77936 MiB
100 %, 77936 MiB
100 %, 77936 MiB
100 %, 77504 MiB
100 %, 77936 MiB
100 %, 77504 MiB
84 %, 77936 MiB
100 %, 77936 MiB
100 %, 77936 MiB
100 %, 77936 MiB
100 %, 77936 MiB
100 %, 77504 MiB
100 %, 77936 MiB
98 %, 77504 MiB
98 %, 77936 MiB
100 %, 77936 MiB
100 %, 77936 MiB
99 %, 77936 MiB
98 %, 77936 MiB
98 %, 77504 MiB
98 %, 77936 MiB
97 %, 77504 MiB
100 %, 77936 MiB
96 %, 77936 MiB
98 %, 77936 MiB
97 %, 77936 MiB
96 %, 77936 MiB
96 %, 77504 MiB
96 %, 77936 MiB
100 %, 77504 MiB
100 %, 77936 MiB
100 %, 77936 MiB
100 %, 77936 MiB
98 %, 77936 MiB
100 %, 77936 MiB
100 %, 77504 MiB
100 %, 77936 MiB
100 %, 77504 MiB
98 %, 77936 MiB
98 %, 77936 MiB
100 %, 77936 MiB
98 %, 77936 MiB
98 %, 77936 MiB
98 %, 77504 MiB
98 %, 77936 MiB
100 %, 77504 MiB
87 %, 77936 MiB
98 %, 77936 MiB
100 %, 77936 MiB
100 %, 77936 MiB
100 %, 77936 MiB
97 %, 77504 MiB
100 %, 77936 MiB
100 %, 77504 MiB
100 %, 77936 MiB
100 %, 77936 MiB
100 %, 77936 MiB
100 %, 77936 MiB
100 %, 77936 MiB
100 %, 77504 MiB
100 %, 77936 MiB
100 %, 77504 MiB
100 %, 77936 MiB
96 %, 77936 MiB
95 %, 77936 MiB
98 %, 77936 MiB
98 %, 77936 MiB
98 %, 77504 MiB
97 %, 77936 MiB
1 %, 77504 MiB
0 %, 77936 MiB
0 %, 77936 MiB
0 %, 77936 MiB
0 %, 77936 MiB
0 %, 77936 MiB
0 %, 77504 MiB
0 %, 77936 MiB
94 %, 77504 MiB
98 %, 77936 MiB
98 %, 77936 MiB
98 %, 77936 MiB
98 %, 77936 MiB
98 %, 77936 MiB
98 %, 77504 MiB
97 %, 77936 MiB
100 %, 77504 MiB
100 %, 77936 MiB
100 %, 77936 MiB
98 %, 77936 MiB
100 %, 77936 MiB
100 %, 77936 MiB
98 %, 77504 MiB
100 %, 77936 MiB
100 %, 77504 MiB
100 %, 77936 MiB
100 %, 77936 MiB
98 %, 77936 MiB
100 %, 77936 MiB
98 %, 77936 MiB
100 %, 77504 MiB
98 %, 77936 MiB
100 %, 77504 MiB
100 %, 77936 MiB
100 %, 77936 MiB
100 %, 77936 MiB
100 %, 77936 MiB
100 %, 77936 MiB
100 %, 77504 MiB
100 %, 77936 MiB
100 %, 77504 MiB
100 %, 77936 MiB
100 %, 77936 MiB
100 %, 77936 MiB
100 %, 77936 MiB
100 %, 77936 MiB
100 %, 77504 MiB
100 %, 77936 MiB
94 %, 77504 MiB
98 %, 77936 MiB
100 %, 77936 MiB
98 %, 77936 MiB
98 %, 77936 MiB
100 %, 77936 MiB
98 %, 77504 MiB
100 %, 77936 MiB
100 %, 77504 MiB
100 %, 77936 MiB
100 %, 77936 MiB
98 %, 77936 MiB
98 %, 77936 MiB
100 %, 77936 MiB
100 %, 77504 MiB
100 %, 77936 MiB
98 %, 77504 MiB
100 %, 77936 MiB
98 %, 77936 MiB
98 %, 77936 MiB
98 %, 77936 MiB
98 %, 77936 MiB
100 %, 77504 MiB
100 %, 77936 MiB
100 %, 77504 MiB
100 %, 77936 MiB
100 %, 77936 MiB
100 %, 77936 MiB
100 %, 77936 MiB
100 %, 77936 MiB
100 %, 77504 MiB
100 %, 77936 MiB
2 %, 77504 MiB
1 %, 77936 MiB
2 %, 77936 MiB
3 %, 77936 MiB
3 %, 77936 MiB
2 %, 77936 MiB
2 %, 77504 MiB
2 %, 77936 MiB
100 %, 77504 MiB
100 %, 77936 MiB
100 %, 77936 MiB
100 %, 77936 MiB
100 %, 77936 MiB
100 %, 77936 MiB
100 %, 77504 MiB
100 %, 77936 MiB
100 %, 77504 MiB
100 %, 77936 MiB
100 %, 77936 MiB
100 %, 77936 MiB
100 %, 77936 MiB
100 %, 77936 MiB
100 %, 77504 MiB
100 %, 77936 MiB
100 %, 77504 MiB
100 %, 77936 MiB
100 %, 77936 MiB
100 %, 77936 MiB
100 %, 77936 MiB
100 %, 77936 MiB
100 %, 77504 MiB
100 %, 77936 MiB
100 %, 77504 MiB
98 %, 77936 MiB
98 %, 77936 MiB
100 %, 77936 MiB
100 %, 77936 MiB
89 %, 77936 MiB
96 %, 77504 MiB
100 %, 77936 MiB
100 %, 77504 MiB
100 %, 77936 MiB
100 %, 77936 MiB
100 %, 77936 MiB
100 %, 77936 MiB
100 %, 77936 MiB
100 %, 77504 MiB
100 %, 77936 MiB
100 %, 77504 MiB
100 %, 77936 MiB
100 %, 77936 MiB
100 %, 77936 MiB
100 %, 77936 MiB
100 %, 77936 MiB
100 %, 77504 MiB
100 %, 77936 MiB
98 %, 77504 MiB
98 %, 77936 MiB
98 %, 77936 MiB
98 %, 77936 MiB
98 %, 77936 MiB
98 %, 77936 MiB
98 %, 77504 MiB
98 %, 77936 MiB
92 %, 77504 MiB
76 %, 77936 MiB
98 %, 77936 MiB
98 %, 77936 MiB
98 %, 77936 MiB
94 %, 77936 MiB
98 %, 77504 MiB
94 %, 77936 MiB
100 %, 77504 MiB
100 %, 77936 MiB
100 %, 77936 MiB
100 %, 77936 MiB
100 %, 77936 MiB
100 %, 77936 MiB
100 %, 77504 MiB
100 %, 77936 MiB
100 %, 77504 MiB
100 %, 77936 MiB
100 %, 77936 MiB
100 %, 77936 MiB
100 %, 77936 MiB
100 %, 77936 MiB
100 %, 77504 MiB
100 %, 77936 MiB
98 %, 77504 MiB
98 %, 77936 MiB
100 %, 77936 MiB
98 %, 77936 MiB
99 %, 77936 MiB
98 %, 77936 MiB
98 %, 77504 MiB
100 %, 77936 MiB
100 %, 77504 MiB
100 %, 77936 MiB
100 %, 77936 MiB
100 %, 77936 MiB
100 %, 77936 MiB
100 %, 77936 MiB
100 %, 77504 MiB
97 %, 77936 MiB
100 %, 77504 MiB
100 %, 77936 MiB
100 %, 77936 MiB
100 %, 77936 MiB
100 %, 77936 MiB
100 %, 77936 MiB
100 %, 77504 MiB
100 %, 77936 MiB
100 %, 77504 MiB
100 %, 77936 MiB
100 %, 77936 MiB
100 %, 77936 MiB
100 %, 77936 MiB
100 %, 77936 MiB
100 %, 77504 MiB
100 %, 77936 MiB
100 %, 77504 MiB
100 %, 77936 MiB
100 %, 77936 MiB
100 %, 77936 MiB
100 %, 77936 MiB
100 %, 77936 MiB
100 %, 77504 MiB
100 %, 77936 MiB
100 %, 77504 MiB
100 %, 77936 MiB
100 %, 77936 MiB
100 %, 77936 MiB
100 %, 77936 MiB
100 %, 77936 MiB
100 %, 77504 MiB
100 %, 77936 MiB
99 %, 77504 MiB
100 %, 77936 MiB
97 %, 77936 MiB
99 %, 77936 MiB
81 %, 77936 MiB
96 %, 77936 MiB
99 %, 77504 MiB
97 %, 77936 MiB
100 %, 77504 MiB
98 %, 77936 MiB
100 %, 77936 MiB
98 %, 77936 MiB
98 %, 77936 MiB
98 %, 77936 MiB
98 %, 77504 MiB
98 %, 77936 MiB
100 %, 77504 MiB
100 %, 77936 MiB
100 %, 77936 MiB
100 %, 77936 MiB
100 %, 77936 MiB
100 %, 77936 MiB
100 %, 77504 MiB
100 %, 77936 MiB
100 %, 77504 MiB
100 %, 77936 MiB
100 %, 77936 MiB
100 %, 77936 MiB
100 %, 77936 MiB
100 %, 77936 MiB
100 %, 77504 MiB
98 %, 77936 MiB
81 %, 77504 MiB
98 %, 77936 MiB
97 %, 77936 MiB
97 %, 77936 MiB
68 %, 77936 MiB
97 %, 77936 MiB
97 %, 77504 MiB
97 %, 77936 MiB
100 %, 77504 MiB
100 %, 77936 MiB
100 %, 77936 MiB
100 %, 77936 MiB
100 %, 77936 MiB
100 %, 77936 MiB
100 %, 77504 MiB
100 %, 77936 MiB
2 %, 77504 MiB
1 %, 77936 MiB
0 %, 77936 MiB
0 %, 77936 MiB
1 %, 77936 MiB
0 %, 77936 MiB
0 %, 77504 MiB
0 %, 77936 MiB
98 %, 77504 MiB
98 %, 77936 MiB
100 %, 77936 MiB
100 %, 77936 MiB
100 %, 77936 MiB
98 %, 77936 MiB
100 %, 77504 MiB
98 %, 77936 MiB
100 %, 77504 MiB
100 %, 77936 MiB
100 %, 77936 MiB
100 %, 77936 MiB
100 %, 77936 MiB
100 %, 77936 MiB
100 %, 77504 MiB
100 %, 77936 MiB
100 %, 77504 MiB
98 %, 77936 MiB
100 %, 77936 MiB
100 %, 77936 MiB
98 %, 77936 MiB
98 %, 77936 MiB
98 %, 77504 MiB
100 %, 77936 MiB
100 %, 77504 MiB
100 %, 77936 MiB
100 %, 77936 MiB
100 %, 77936 MiB
100 %, 77936 MiB
100 %, 77936 MiB
100 %, 77504 MiB
100 %, 77936 MiB
100 %, 77504 MiB
100 %, 77936 MiB
100 %, 77936 MiB
100 %, 77936 MiB
100 %, 77936 MiB
100 %, 77936 MiB
100 %, 77504 MiB
100 %, 77936 MiB
93 %, 77504 MiB
71 %, 77936 MiB
95 %, 77936 MiB
94 %, 77936 MiB
91 %, 77936 MiB
97 %, 77936 MiB
99 %, 77504 MiB
99 %, 77936 MiB
100 %, 77504 MiB
100 %, 77936 MiB
100 %, 77936 MiB
100 %, 77936 MiB
100 %, 77936 MiB
100 %, 77936 MiB
100 %, 77504 MiB
100 %, 77936 MiB
100 %, 77504 MiB
100 %, 77936 MiB
100 %, 77936 MiB
100 %, 77936 MiB
100 %, 77936 MiB
100 %, 77936 MiB
98 %, 77504 MiB
98 %, 77936 MiB
84 %, 77504 MiB
96 %, 77936 MiB
96 %, 77936 MiB
98 %, 77936 MiB
100 %, 77936 MiB
96 %, 77936 MiB
98 %, 77504 MiB
98 %, 77936 MiB
100 %, 77504 MiB
100 %, 77936 MiB
100 %, 77936 MiB
100 %, 77936 MiB
100 %, 77936 MiB
100 %, 77936 MiB
100 %, 77504 MiB
100 %, 77936 MiB
100 %, 77504 MiB
100 %, 77936 MiB
100 %, 77936 MiB
97 %, 77936 MiB
100 %, 77936 MiB
97 %, 77936 MiB
100 %, 77504 MiB
96 %, 77936 MiB
100 %, 77504 MiB
100 %, 77936 MiB
100 %, 77936 MiB
100 %, 77936 MiB
100 %, 77936 MiB
100 %, 77936 MiB
100 %, 77504 MiB
100 %, 77936 MiB
100 %, 77504 MiB
100 %, 77936 MiB
100 %, 77936 MiB
100 %, 77936 MiB
100 %, 77936 MiB
100 %, 77936 MiB
100 %, 77504 MiB
100 %, 77936 MiB
100 %, 77504 MiB
100 %, 77936 MiB
100 %, 77936 MiB
100 %, 77936 MiB
98 %, 77936 MiB
100 %, 77936 MiB
100 %, 77504 MiB
98 %, 77936 MiB
